Component: ARM Compiler 5.06 update 6 (build 750) Tool: armlink [4d35ed]

==============================================================================

Section Cross References

    startup_stm32f103xb.o(RESET) refers to startup_stm32f103xb.o(STACK) for __initial_sp
    startup_stm32f103xb.o(RESET) refers to startup_stm32f103xb.o(.text) for Reset_Handler
    startup_stm32f103xb.o(RESET) refers to stm32f1xx_it.o(i.NMI_Handler) for NMI_Handler
    startup_stm32f103xb.o(RESET) refers to stm32f1xx_it.o(i.HardFault_Handler) for HardFault_Handler
    startup_stm32f103xb.o(RESET) refers to stm32f1xx_it.o(i.MemManage_Handler) for MemManage_Handler
    startup_stm32f103xb.o(RESET) refers to stm32f1xx_it.o(i.BusFault_Handler) for BusFault_Handler
    startup_stm32f103xb.o(RESET) refers to stm32f1xx_it.o(i.UsageFault_Handler) for UsageFault_Handler
    startup_stm32f103xb.o(RESET) refers to stm32f1xx_it.o(i.SVC_Handler) for SVC_Handler
    startup_stm32f103xb.o(RESET) refers to stm32f1xx_it.o(i.DebugMon_Handler) for DebugMon_Handler
    startup_stm32f103xb.o(RESET) refers to stm32f1xx_it.o(i.PendSV_Handler) for PendSV_Handler
    startup_stm32f103xb.o(RESET) refers to stm32f1xx_it.o(i.SysTick_Handler) for SysTick_Handler
    startup_stm32f103xb.o(RESET) refers to stm32f1xx_it.o(i.DMA1_Channel6_IRQHandler) for DMA1_Channel6_IRQHandler
    startup_stm32f103xb.o(RESET) refers to stm32f1xx_it.o(i.I2C1_EV_IRQHandler) for I2C1_EV_IRQHandler
    startup_stm32f103xb.o(RESET) refers to stm32f1xx_it.o(i.USART1_IRQHandler) for USART1_IRQHandler
    startup_stm32f103xb.o(RESET) refers to stm32f1xx_it.o(i.EXTI15_10_IRQHandler) for EXTI15_10_IRQHandler
    startup_stm32f103xb.o(.text) refers to system_stm32f1xx.o(i.SystemInit) for SystemInit
    startup_stm32f103xb.o(.text) refers to entry.o(.ARM.Collect$$$$00000000) for __main
    fonts.o(.data) refers to fonts.o(.constdata) for Font7x10
    fonts.o(.data) refers to fonts.o(.constdata) for Font11x18
    fonts.o(.data) refers to fonts.o(.constdata) for Font16x26
    ssd1306.o(i.ssd1306_Clear) refers to memseta.o(.text) for __aeabi_memclr
    ssd1306.o(i.ssd1306_Clear) refers to ssd1306.o(.bss) for .bss
    ssd1306.o(i.ssd1306_DisplayOff) refers to ssd1306.o(i.ssd1306_WriteCommand) for ssd1306_WriteCommand
    ssd1306.o(i.ssd1306_DisplayOn) refers to ssd1306.o(i.ssd1306_WriteCommand) for ssd1306_WriteCommand
    ssd1306.o(i.ssd1306_DrawBitmap) refers to ssd1306.o(i.ssd1306_DrawPixel) for ssd1306_DrawPixel
    ssd1306.o(i.ssd1306_DrawCircle) refers to ssd1306.o(i.ssd1306_DrawPixel) for ssd1306_DrawPixel
    ssd1306.o(i.ssd1306_DrawCircleQuads) refers to ssd1306.o(i.ssd1306_DrawPixel) for ssd1306_DrawPixel
    ssd1306.o(i.ssd1306_DrawFillTriangle) refers to ssd1306.o(i.ssd1306_DrawLine) for ssd1306_DrawLine
    ssd1306.o(i.ssd1306_DrawHorizontalLine) refers to ssd1306.o(.bss) for .bss
    ssd1306.o(i.ssd1306_DrawHorizontalLine) refers to ssd1306.o(.data) for .data
    ssd1306.o(i.ssd1306_DrawLine) refers to ssd1306.o(i.ssd1306_DrawPixel) for ssd1306_DrawPixel
    ssd1306.o(i.ssd1306_DrawPixel) refers to ssd1306.o(.data) for .data
    ssd1306.o(i.ssd1306_DrawPixel) refers to ssd1306.o(.bss) for .bss
    ssd1306.o(i.ssd1306_DrawProgressBar) refers to ssd1306.o(i.ssd1306_DrawHorizontalLine) for ssd1306_DrawHorizontalLine
    ssd1306.o(i.ssd1306_DrawProgressBar) refers to ssd1306.o(i.ssd1306_FillCircle) for ssd1306_FillCircle
    ssd1306.o(i.ssd1306_DrawProgressBar) refers to ssd1306.o(i.ssd1306_FillRect) for ssd1306_FillRect
    ssd1306.o(i.ssd1306_DrawProgressBar) refers to ssd1306.o(.data) for .data
    ssd1306.o(i.ssd1306_DrawRect) refers to ssd1306.o(i.ssd1306_DrawHorizontalLine) for ssd1306_DrawHorizontalLine
    ssd1306.o(i.ssd1306_DrawRect) refers to ssd1306.o(i.ssd1306_DrawVerticalLine) for ssd1306_DrawVerticalLine
    ssd1306.o(i.ssd1306_DrawTriangle) refers to ssd1306.o(i.ssd1306_DrawLine) for ssd1306_DrawLine
    ssd1306.o(i.ssd1306_DrawVerticalLine) refers to ssd1306.o(.bss) for .bss
    ssd1306.o(i.ssd1306_DrawVerticalLine) refers to ssd1306.o(.data) for .data
    ssd1306.o(i.ssd1306_Fill) refers to ssd1306.o(.data) for .data
    ssd1306.o(i.ssd1306_Fill) refers to ssd1306.o(.bss) for .bss
    ssd1306.o(i.ssd1306_FillCircle) refers to ssd1306.o(i.ssd1306_DrawHorizontalLine) for ssd1306_DrawHorizontalLine
    ssd1306.o(i.ssd1306_FillRect) refers to ssd1306.o(i.ssd1306_DrawVerticalLine) for ssd1306_DrawVerticalLine
    ssd1306.o(i.ssd1306_FlipScreenVertically) refers to ssd1306.o(i.ssd1306_WriteCommand) for ssd1306_WriteCommand
    ssd1306.o(i.ssd1306_GetColor) refers to ssd1306.o(.data) for .data
    ssd1306.o(i.ssd1306_Init) refers to stm32f1xx_hal_i2c.o(i.HAL_I2C_IsDeviceReady) for HAL_I2C_IsDeviceReady
    ssd1306.o(i.ssd1306_Init) refers to stm32f1xx_hal.o(i.HAL_Delay) for HAL_Delay
    ssd1306.o(i.ssd1306_Init) refers to ssd1306.o(i.ssd1306_WriteCommand) for ssd1306_WriteCommand
    ssd1306.o(i.ssd1306_Init) refers to ssd1306.o(i.ssd1306_Clear) for ssd1306_Clear
[...]
    .text                                    0x08000124   Section        0  llushr.o(.text)
    .text                                    0x08000144   Section        0  memcpya.o(.text)
    .text                                    0x08000168   Section        0  memseta.o(.text)
    .text                                    0x0800018c   Section        0  strlen.o(.text)
    .text                                    0x0800019a   Section        0  atoi.o(.text)
    .text                                    0x080001b4   Section        0  fadd.o(.text)
    .text                                    0x08000264   Section        0  fmul.o(.text)
    .text                                    0x080002c8   Section        0  fdiv.o(.text)
    .text                                    0x08000344   Section        0  dadd.o(.text)
    .text                                    0x08000492   Section        0  dmul.o(.text)
    .text                                    0x08000576   Section        0  ddiv.o(.text)
    .text                                    0x08000654   Section        0  dflti.o(.text)
    .text                                    0x08000676   Section        0  dfixi.o(.text)
    .text                                    0x080006b4   Section        0  f2d.o(.text)
    .text                                    0x080006da   Section        0  d2f.o(.text)
    .text                                    0x08000712   Section        0  uidiv.o(.text)
    .text                                    0x0800073e   Section        0  uldiv.o(.text)
    .text                                    0x080007a0   Section        0  llshl.o(.text)
    .text                                    0x080007be   Section        0  llsshr.o(.text)
    .text                                    0x080007e4   Section        0  strtod.o(.text)
    _local_sscanf                            0x080007e5   Thumb Code    54  strtod.o(.text)
    .text                                    0x08000880   Section        0  strtol.o(.text)
    .text                                    0x080008f0   Section        0  fepilogue.o(.text)
    .text                                    0x080008f0   Section        0  iusefp.o(.text)
    .text                                    0x0800095e   Section        0  depilogue.o(.text)
    .text                                    0x08000a18   Section        0  dsqrt.o(.text)
    .text                                    0x08000aba   Section        0  dfixul.o(.text)
    .text                                    0x08000aec   Section       48  cdrcmple.o(.text)
    .text                                    0x08000b1c   Section       36  init.o(.text)
    .text                                    0x08000b40   Section        0  ctype_o.o(.text)
    .text                                    0x08000b48   Section        0  isspace_o.o(.text)
    .text                                    0x08000b5c   Section        0  scanf_fp.o(.text)
    _fp_value                                0x08000b5d   Thumb Code   296  scanf_fp.o(.text)
    .text                                    0x08000ebc   Section        0  _sgetc.o(.text)
    .text                                    0x08000efc   Section        0  _strtoul.o(.text)
    .text                                    0x08000f9a   Section        0  dscalb.o(.text)
    .text                                    0x08000fc8   Section        0  dfltui.o(.text)
    .text                                    0x08000fe2   Section        0  _chval.o(.text)
    .text                                    0x08000ffe   Section        0  dfltul.o(.text)
    i.BusFault_Handler                       0x08001016   Section        0  stm32f1xx_it.o(i.BusFault_Handler)
    i.Configure_USART                        0x08001018   Section        0  main.o(i.Configure_USART)
    i.DMA1_Channel6_IRQHandler               0x08001148   Section        0  stm32f1xx_it.o(i.DMA1_Channel6_IRQHandler)
    i.DMA_SetConfig                          0x08001154   Section        0  stm32f1xx_hal_dma.o(i.DMA_SetConfig)
    DMA_SetConfig                            0x08001155   Thumb Code    42  stm32f1xx_hal_dma.o(i.DMA_SetConfig)
    i.DebugMon_Handler                       0x0800117e   Section        0  stm32f1xx_it.o(i.DebugMon_Handler)
    i.EXTI15_10_IRQHandler                   0x08001180   Section        0  stm32f1xx_it.o(i.EXTI15_10_IRQHandler)
    i.Error_Callback                         0x08001188   Section        0  main.o(i.Error_Callback)
    i.Error_Handler                          0x080011ac   Section        0  main.o(i.Error_Handler)
    i.GpsToDecimalDegrees                    0x080011b0   Section        0  main.o(i.GpsToDecimalDegrees)
    i.HAL_DMA_Abort_IT                       0x0800121c   Section        0  stm32f1xx_hal_dma.o(i.HAL_DMA_Abort_IT)
    i.HAL_DMA_GetState                       0x080012b4   Section        0  stm32f1xx_hal_dma.o(i.HAL_DMA_GetState)
    i.HAL_DMA_IRQHandler                     0x080012bc   Section        0  stm32f1xx_hal_dma.o(i.HAL_DMA_IRQHandler)
    i.HAL_DMA_Init                           0x08001410   Section        0  stm32f1xx_hal_dma.o(i.HAL_DMA_Init)
    i.HAL_DMA_Start_IT                       0x0800146c   Section        0  stm32f1xx_hal_dma.o(i.HAL_DMA_Start_IT)
    i.HAL_Delay                              0x080014dc   Section        0  stm32f1xx_hal.o(i.HAL_Delay)
    i.HAL_GPIO_EXTI_Callback                 0x08001500   Section        0  stm32f1xx_hal_gpio.o(i.HAL_GPIO_EXTI_Callback)
    i.HAL_GPIO_EXTI_IRQHandler               0x08001504   Section        0  stm32f1xx_hal_gpio.o(i.HAL_GPIO_EXTI_IRQHandler)
    i.HAL_GPIO_Init                          0x0800151c   Section        0  stm32f1xx_hal_gpio.o(i.HAL_GPIO_Init)
    i.HAL_GPIO_ReadPin                       0x080016fc   Section        0  stm32f1xx_hal_gpio.o(i.HAL_GPIO_ReadPin)
    i.HAL_GPIO_WritePin                      0x08001706   Section        0  stm32f1xx_hal_gpio.o(i.HAL_GPIO_WritePin)
    i.HAL_GetTick                            0x08001710   Section        0  stm32f1xx_hal.o(i.HAL_GetTick)
    i.HAL_I2C_AbortCpltCallback              0x0800171c   Section        0  stm32f1xx_hal_i2c.o(i.HAL_I2C_AbortCpltCallback)
    i.HAL_I2C_AddrCallback                   0x0800171e   Section        0  stm32f1xx_hal_i2c.o(i.HAL_I2C_AddrCallback)
    i.HAL_I2C_EV_IRQHandler                  0x08001720   Section        0  stm32f1xx_hal_i2c.o(i.HAL_I2C_EV_IRQHandler)
    i.HAL_I2C_ErrorCallback                  0x08001986   Section        0  stm32f1xx_hal_i2c.o(i.HAL_I2C_ErrorCallback)
    i.HAL_I2C_GetState                       0x08001988   Section        0  stm32f1xx_hal_i2c.o(i.HAL_I2C_GetState)
    i.HAL_I2C_Init                           0x08001990   Section        0  stm32f1xx_hal_i2c.o(i.HAL_I2C_Init)
    i.HAL_I2C_IsDeviceReady                  0x08001b18   Section        0  stm32f1xx_hal_i2c.o(i.HAL_I2C_IsDeviceReady)
    i.HAL_I2C_ListenCpltCallback             0x08001c84   Section        0  stm32f1xx_hal_i2c.o(i.HAL_I2C_ListenCpltCallback)
    i.HAL_I2C_MasterRxCpltCallback           0x08001c86   Section        0  stm32f1xx_hal_i2c.o(i.HAL_I2C_MasterRxCpltCallback)
    i.HAL_I2C_MasterTxCpltCallback           0x08001c88   Section        0  stm32f1xx_hal_i2c.o(i.HAL_I2C_MasterTxCpltCallback)
    i.HAL_I2C_MemRxCpltCallback              0x08001c8a   Section        0  stm32f1xx_hal_i2c.o(i.HAL_I2C_MemRxCpltCallback)
    i.HAL_I2C_MemTxCpltCallback              0x08001c8c   Section        0  ssd1306.o(i.HAL_I2C_MemTxCpltCallback)
    i.HAL_I2C_Mem_Write_DMA                  0x08001c90   Section        0  stm32f1xx_hal_i2c.o(i.HAL_I2C_Mem_Write_DMA)
    i.HAL_I2C_MspInit                        0x08001e08   Section        0  stm32f1xx_hal_msp.o(i.HAL_I2C_MspInit)
    i.HAL_I2C_SlaveRxCpltCallback            0x08001ebc   Section        0  stm32f1xx_hal_i2c.o(i.HAL_I2C_SlaveRxCpltCallback)
    i.HAL_I2C_SlaveTxCpltCallback            0x08001ebe   Section        0  stm32f1xx_hal_i2c.o(i.HAL_I2C_SlaveTxCpltCallback)
    i.HAL_IncTick                            0x08001ec0   Section        0  stm32f1xx_hal.o(i.HAL_IncTick)
    i.HAL_Init                               0x08001ed0   Section        0  stm32f1xx_hal.o(i.HAL_Init)
    i.HAL_InitTick                           0x08001ef4   Section        0  stm32f1xx_hal.o(i.HAL_InitTick)
    i.HAL_MspInit                            0x08001f34   Section        0  stm32f1xx_hal_msp.o(i.HAL_MspInit)
    i.HAL_NVIC_EnableIRQ                     0x08001f70   Section        0  stm32f1xx_hal_cortex.o(i.HAL_NVIC_EnableIRQ)
    i.HAL_NVIC_SetPriority                   0x08001f8c   Section        0  stm32f1xx_hal_cortex.o(i.HAL_NVIC_SetPriority)
    i.HAL_NVIC_SetPriorityGrouping           0x08001fcc   Section        0  stm32f1xx_hal_cortex.o(i.HAL_NVIC_SetPriorityGrouping)
    i.HAL_RCC_ClockConfig                    0x08001ff0   Section        0  stm32f1xx_hal_rcc.o(i.HAL_RCC_ClockConfig)
    i.HAL_RCC_GetPCLK1Freq                   0x0800211c   Section        0  stm32f1xx_hal_rcc.o(i.HAL_RCC_GetPCLK1Freq)
    i.HAL_RCC_GetPCLK2Freq                   0x0800213c   Section        0  stm32f1xx_hal_rcc.o(i.HAL_RCC_GetPCLK2Freq)
    i.HAL_RCC_GetSysClockFreq                0x0800215c   Section        0  stm32f1xx_hal_rcc.o(i.HAL_RCC_GetSysClockFreq)
    i.HAL_RCC_OscConfig                      0x080021c8   Section        0  stm32f1xx_hal_rcc.o(i.HAL_RCC_OscConfig)
    i.HAL_SYSTICK_Config                     0x080024e8   Section        0  stm32f1xx_hal_cortex.o(i.HAL_SYSTICK_Config)
    i.HAL_TIMEx_MasterConfigSynchronization  0x08002510   Section        0  stm32f1xx_hal_tim_ex.o(i.HAL_TIMEx_MasterConfigSynchronization)
    i.HAL_TIM_Base_Init                      0x08002578   Section        0  stm32f1xx_hal_tim.o(i.HAL_TIM_Base_Init)
    i.HAL_TIM_Base_MspInit                   0x080025d4   Section        0  stm32f1xx_hal_msp.o(i.HAL_TIM_Base_MspInit)
    i.HAL_TIM_Base_Start                     0x080025fc   Section        0  stm32f1xx_hal_tim.o(i.HAL_TIM_Base_Start)
    i.HAL_TIM_Base_Stop                      0x0800264c   Section        0  stm32f1xx_hal_tim.o(i.HAL_TIM_Base_Stop)
    i.HAL_TIM_ConfigClockSource              0x08002672   Section        0  stm32f1xx_hal_tim.o(i.HAL_TIM_ConfigClockSource)
    i.HAL_UART_Init                          0x08002748   Section        0  stm32f1xx_hal_uart.o(i.HAL_UART_Init)
    i.HAL_UART_MspInit                       0x080027ac   Section        0  stm32f1xx_hal_msp.o(i.HAL_UART_MspInit)
    i.HAL_UART_Transmit                      0x08002868   Section        0  stm32f1xx_hal_uart.o(i.HAL_UART_Transmit)
    i.HardFault_Handler                      0x0800291a   Section        0  stm32f1xx_it.o(i.HardFault_Handler)
    i.I2C1_EV_IRQHandler                     0x0800291c   Section        0  stm32f1xx_it.o(i.I2C1_EV_IRQHandler)
    i.I2C_DMAAbort                           0x08002928   Section        0  stm32f1xx_hal_i2c.o(i.I2C_DMAAbort)
    I2C_DMAAbort                             0x08002929   Thumb Code   182  stm32f1xx_hal_i2c.o(i.I2C_DMAAbort)
    i.I2C_DMAError                           0x080029e4   Section        0  stm32f1xx_hal_i2c.o(i.I2C_DMAError)
    I2C_DMAError                             0x080029e5   Thumb Code    54  stm32f1xx_hal_i2c.o(i.I2C_DMAError)
    i.I2C_DMAXferCplt                        0x08002a1a   Section        0  stm32f1xx_hal_i2c.o(i.I2C_DMAXferCplt)
    I2C_DMAXferCplt                          0x08002a1b   Thumb Code   266  stm32f1xx_hal_i2c.o(i.I2C_DMAXferCplt)
    i.I2C_ITError                            0x08002b24   Section        0  stm32f1xx_hal_i2c.o(i.I2C_ITError)
    I2C_ITError                              0x08002b25   Thumb Code   336  stm32f1xx_hal_i2c.o(i.I2C_ITError)
    i.I2C_IsAcknowledgeFailed                0x08002c7c   Section        0  stm32f1xx_hal_i2c.o(i.I2C_IsAcknowledgeFailed)
    I2C_IsAcknowledgeFailed                  0x08002c7d   Thumb Code    46  stm32f1xx_hal_i2c.o(i.I2C_IsAcknowledgeFailed)
    i.I2C_MasterReceive_BTF                  0x08002caa   Section        0  stm32f1xx_hal_i2c.o(i.I2C_MasterReceive_BTF)
    I2C_MasterReceive_BTF                    0x08002cab   Thumb Code   210  stm32f1xx_hal_i2c.o(i.I2C_MasterReceive_BTF)
    i.I2C_MasterReceive_RXNE                 0x08002d7c   Section        0  stm32f1xx_hal_i2c.o(i.I2C_MasterReceive_RXNE)
    I2C_MasterReceive_RXNE                   0x08002d7d   Thumb Code   228  stm32f1xx_hal_i2c.o(i.I2C_MasterReceive_RXNE)
    i.I2C_MasterTransmit_BTF                 0x08002e64   Section        0  stm32f1xx_hal_i2c.o(i.I2C_MasterTransmit_BTF)
    I2C_MasterTransmit_BTF                   0x08002e65   Thumb Code   116  stm32f1xx_hal_i2c.o(i.I2C_MasterTransmit_BTF)
    i.I2C_MasterTransmit_TXE                 0x08002ed8   Section        0  stm32f1xx_hal_i2c.o(i.I2C_MasterTransmit_TXE)
    I2C_MasterTransmit_TXE                   0x08002ed9   Thumb Code   182  stm32f1xx_hal_i2c.o(i.I2C_MasterTransmit_TXE)
    i.I2C_Master_ADDR                        0x08002f90   Section        0  stm32f1xx_hal_i2c.o(i.I2C_Master_ADDR)
    I2C_Master_ADDR                          0x08002f91   Thumb Code   340  stm32f1xx_hal_i2c.o(i.I2C_Master_ADDR)
    i.I2C_Master_SB                          0x080030e8   Section        0  stm32f1xx_hal_i2c.o(i.I2C_Master_SB)
    I2C_Master_SB                            0x080030e9   Thumb Code   140  stm32f1xx_hal_i2c.o(i.I2C_Master_SB)
    i.I2C_MemoryTransmit_TXE_BTF             0x08003174   Section        0  stm32f1xx_hal_i2c.o(i.I2C_MemoryTransmit_TXE_BTF)
    I2C_MemoryTransmit_TXE_BTF               0x08003175   Thumb Code   160  stm32f1xx_hal_i2c.o(i.I2C_MemoryTransmit_TXE_BTF)
    i.I2C_RequestMemoryWrite                 0x08003214   Section        0  stm32f1xx_hal_i2c.o(i.I2C_RequestMemoryWrite)
    I2C_RequestMemoryWrite                   0x08003215   Thumb Code   162  stm32f1xx_hal_i2c.o(i.I2C_RequestMemoryWrite)
    i.I2C_Slave_STOPF                        0x080032bc   Section        0  stm32f1xx_hal_i2c.o(i.I2C_Slave_STOPF)
    I2C_Slave_STOPF                          0x080032bd   Thumb Code   338  stm32f1xx_hal_i2c.o(i.I2C_Slave_STOPF)
    i.I2C_WaitOnFlagUntilTimeout             0x08003418   Section        0  stm32f1xx_hal_i2c.o(i.I2C_WaitOnFlagUntilTimeout)
    I2C_WaitOnFlagUntilTimeout               0x08003419   Thumb Code   104  stm32f1xx_hal_i2c.o(i.I2C_WaitOnFlagUntilTimeout)
    i.I2C_WaitOnMasterAddressFlagUntilTimeout 0x08003480   Section        0  stm32f1xx_hal_i2c.o(i.I2C_WaitOnMasterAddressFlagUntilTimeout)
    I2C_WaitOnMasterAddressFlagUntilTimeout  0x08003481   Thumb Code   150  stm32f1xx_hal_i2c.o(i.I2C_WaitOnMasterAddressFlagUntilTimeout)
    i.I2C_WaitOnTXEFlagUntilTimeout          0x08003516   Section        0  stm32f1xx_hal_i2c.o(i.I2C_WaitOnTXEFlagUntilTimeout)
    I2C_WaitOnTXEFlagUntilTimeout            0x08003517   Thumb Code    76  stm32f1xx_hal_i2c.o(i.I2C_WaitOnTXEFlagUntilTimeout)
    i.LL_APB2_GRP1_EnableClock               0x08003564   Section        0  main.o(i.LL_APB2_GRP1_EnableClock)
    LL_APB2_GRP1_EnableClock                 0x08003565   Thumb Code    18  main.o(i.LL_APB2_GRP1_EnableClock)
    i.LL_GPIO_SetPinMode                     0x0800357c   Section        0  main.o(i.LL_GPIO_SetPinMode)
    LL_GPIO_SetPinMode                       0x0800357d   Thumb Code    42  main.o(i.LL_GPIO_SetPinMode)
    i.LL_GPIO_SetPinPull                     0x080035a6   Section        0  main.o(i.LL_GPIO_SetPinPull)
    LL_GPIO_SetPinPull                       0x080035a7   Thumb Code    24  main.o(i.LL_GPIO_SetPinPull)
    i.LL_GPIO_SetPinSpeed                    0x080035be   Section        0  main.o(i.LL_GPIO_SetPinSpeed)
    LL_GPIO_SetPinSpeed                      0x080035bf   Thumb Code    42  main.o(i.LL_GPIO_SetPinSpeed)
    i.MX_GPIO_Init                           0x080035e8   Section        0  main.o(i.MX_GPIO_Init)
    MX_GPIO_Init                             0x080035e9   Thumb Code   152  main.o(i.MX_GPIO_Init)
    i.MX_TIM1_Init                           0x08003690   Section        0  main.o(i.MX_TIM1_Init)
    MX_TIM1_Init                             0x08003691   Thumb Code    78  main.o(i.MX_TIM1_Init)
    i.MemManage_Handler                      0x080036e8   Section        0  stm32f1xx_it.o(i.MemManage_Handler)
    i.NMI_Handler                            0x080036ea   Section        0  stm32f1xx_it.o(i.NMI_Handler)
    i.PendSV_Handler                         0x080036ec   Section        0  stm32f1xx_it.o(i.PendSV_Handler)
    i.SVC_Handler                            0x080036ee   Section        0  stm32f1xx_it.o(i.SVC_Handler)
    i.SysTick_Handler                        0x080036f0   Section        0  stm32f1xx_it.o(i.SysTick_Handler)
    i.SystemClock_Config                     0x080036f4   Section        0  main.o(i.SystemClock_Config)
    i.SystemInit                             0x08003740   Section        0  system_stm32f1xx.o(i.SystemInit)
    i.TIM_Base_SetConfig                     0x08003744   Section        0  stm32f1xx_hal_tim.o(i.TIM_Base_SetConfig)
    i.TIM_ETR_SetConfig                      0x080037b0   Section        0  stm32f1xx_hal_tim.o(i.TIM_ETR_SetConfig)
    i.TIM_ITRx_SetConfig                     0x080037c4   Section        0  stm32f1xx_hal_tim.o(i.TIM_ITRx_SetConfig)
    TIM_ITRx_SetConfig                       0x080037c5   Thumb Code    16  stm32f1xx_hal_tim.o(i.TIM_ITRx_SetConfig)
    i.TIM_TI1_ConfigInputStage               0x080037d4   Section        0  stm32f1xx_hal_tim.o(i.TIM_TI1_ConfigInputStage)
    TIM_TI1_ConfigInputStage                 0x080037d5   Thumb Code    34  stm32f1xx_hal_tim.o(i.TIM_TI1_ConfigInputStage)
    i.TIM_TI2_ConfigInputStage               0x080037f6   Section        0  stm32f1xx_hal_tim.o(i.TIM_TI2_ConfigInputStage)
    TIM_TI2_ConfigInputStage                 0x080037f7   Thumb Code    36  stm32f1xx_hal_tim.o(i.TIM_TI2_ConfigInputStage)
    i.UART_SetConfig                         0x0800381c   Section        0  stm32f1xx_hal_uart.o(i.UART_SetConfig)
    UART_SetConfig                           0x0800381d   Thumb Code   178  stm32f1xx_hal_uart.o(i.UART_SetConfig)
    i.UART_WaitOnFlagUntilTimeout            0x080038d4   Section        0  stm32f1xx_hal_uart.o(i.UART_WaitOnFlagUntilTimeout)
    UART_WaitOnFlagUntilTimeout              0x080038d5   Thumb Code   100  stm32f1xx_hal_uart.o(i.UART_WaitOnFlagUntilTimeout)
    i.USART1_IRQHandler                      0x08003938   Section        0  stm32f1xx_it.o(i.USART1_IRQHandler)
    i.USART_CharReception_Callback           0x08003958   Section        0  main.o(i.USART_CharReception_Callback)
    i.UsageFault_Handler                     0x08003990   Section        0  stm32f1xx_it.o(i.UsageFault_Handler)
    i.__0sprintf                             0x08003994   Section        0  printfa.o(i.__0sprintf)
    i.__ARM_fpclassify                       0x080039bc   Section        0  fpclassify.o(i.__ARM_fpclassify)
    i.__NVIC_SetPriority                     0x080039e4   Section        0  stm32f1xx_hal_cortex.o(i.__NVIC_SetPriority)
    __NVIC_SetPriority                       0x080039e5   Thumb Code    32  stm32f1xx_hal_cortex.o(i.__NVIC_SetPriority)
    i.__aeabi_errno_addr                     0x08003a04   Section        0  errno.o(i.__aeabi_errno_addr)
    i.__ieee754_rem_pio2                     0x08003a0c   Section        0  rred.o(i.__ieee754_rem_pio2)
    i.__kernel_cos                           0x08003d94   Section        0  cos_i.o(i.__kernel_cos)
    i.__kernel_poly                          0x08003e90   Section        0  poly.o(i.__kernel_poly)
    i.__kernel_sin                           0x08003f3c   Section        0  sin_i.o(i.__kernel_sin)
    i.__mathlib_dbl_infnan                   0x08004028   Section        0  dunder.o(i.__mathlib_dbl_infnan)
    i.__mathlib_dbl_infnan2                  0x0800402e   Section        0  dunder.o(i.__mathlib_dbl_infnan2)
    i.__mathlib_dbl_invalid                  0x08004032   Section        0  dunder.o(i.__mathlib_dbl_invalid)
    i.__mathlib_dbl_underflow                0x08004040   Section        0  dunder.o(i.__mathlib_dbl_underflow)
    i.__read_errno                           0x08004050   Section        0  errno.o(i.__read_errno)
    i.__scatterload_copy                     0x0800405c   Section       14  handlers.o(i.__scatterload_copy)
    i.__scatterload_null                     0x0800406a   Section        2  handlers.o(i.__scatterload_null)
    i.__scatterload_zeroinit                 0x0800406c   Section       14  handlers.o(i.__scatterload_zeroinit)
    i.__set_errno                            0x0800407c   Section        0  errno.o(i.__set_errno)
    i._fp_digits                             0x08004088   Section        0  printfa.o(i._fp_digits)
    _fp_digits                               0x08004089   Thumb Code   366  printfa.o(i._fp_digits)
    i._is_digit                              0x0800420c   Section        0  scanf_fp.o(i._is_digit)
    i._printf_core                           0x0800421c   Section        0  printfa.o(i._printf_core)
    _printf_core                             0x0800421d   Thumb Code  1744  printfa.o(i._printf_core)
    i._printf_post_padding                   0x080048f8   Section        0  printfa.o(i._printf_post_padding)
    _printf_post_padding                     0x080048f9   Thumb Code    36  printfa.o(i._printf_post_padding)
    i._printf_pre_padding                    0x0800491c   Section        0  printfa.o(i._printf_pre_padding)
    _printf_pre_padding                      0x0800491d   Thumb Code    46  printfa.o(i._printf_pre_padding)
    i._sputc                                 0x0800494a   Section        0  printfa.o(i._sputc)
    _sputc                                   0x0800494b   Thumb Code    10  printfa.o(i._sputc)
    i.atan                                   0x08004954   Section        0  atan.o(i.atan)
    i.atan2                                  0x08004b74   Section        0  atan2.o(i.atan2)
    i.atof                                   0x08004cf4   Section        0  atof.o(i.atof)
    i.cos                                    0x08004d20   Section        0  cos.o(i.cos)
    i.distance_between                       0x08004dbc   Section        0  main.o(i.distance_between)
    i.main                                   0x08004ed4   Section        0  main.o(i.main)
    i.radians                                0x0800553c   Section        0  main.o(i.radians)
    i.sin                                    0x08005558   Section        0  sin.o(i.sin)
    i.sqrt                                   0x080055f8   Section        0  sqrt.o(i.sqrt)
    i.ssd1306_Clear                          0x08005644   Section        0  ssd1306.o(i.ssd1306_Clear)
    i.ssd1306_DrawPixel                      0x08005654   Section        0  ssd1306.o(i.ssd1306_DrawPixel)
    i.ssd1306_FlipScreenVertically           0x08005698   Section        0  ssd1306.o(i.ssd1306_FlipScreenVertically)
    i.ssd1306_Init                           0x080056ac   Section        0  ssd1306.o(i.ssd1306_Init)
    i.ssd1306_SetColor                       0x080057a8   Section        0  ssd1306.o(i.ssd1306_SetColor)
    i.ssd1306_SetCursor                      0x080057b4   Section        0  ssd1306.o(i.ssd1306_SetCursor)
    i.ssd1306_UpdateScreen                   0x080057c0   Section        0  ssd1306.o(i.ssd1306_UpdateScreen)
    i.ssd1306_WriteChar                      0x08005818   Section        0  ssd1306.o(i.ssd1306_WriteChar)
    i.ssd1306_WriteCommand                   0x080058c4   Section        0  ssd1306.o(i.ssd1306_WriteCommand)
    ssd1306_WriteCommand                     0x080058c5   Thumb Code    36  ssd1306.o(i.ssd1306_WriteCommand)
    i.ssd1306_WriteString                    0x080058ec   Section        0  ssd1306.o(i.ssd1306_WriteString)
    .constdata                               0x08005914   Section     1900  fonts.o(.constdata)
    Font7x10                                 0x08005914   Data        1900  fonts.o(.constdata)
    .constdata                               0x08006080   Section     4940  fonts.o(.constdata)
    Font16x26                                0x08006080   Data        4940  fonts.o(.constdata)
    .constdata                               0x080073cc   Section       16  system_stm32f1xx.o(.constdata)
    .constdata                               0x080073dc   Section        8  system_stm32f1xx.o(.constdata)
    .constdata                               0x080073e8   Section      152  atan.o(.constdata)
    atanhi                                   0x080073e8   Data          32  atan.o(.constdata)
    atanlo                                   0x08007408   Data          32  atan.o(.constdata)
    aTodd                                    0x08007428   Data          40  atan.o(.constdata)
    aTeven                                   0x08007450   Data          48  atan.o(.constdata)
    .constdata                               0x08007480   Section       48  cos_i.o(.constdata)
    C                                        0x08007480   Data          48  cos_i.o(.constdata)
    .constdata                               0x080074b0   Section        8  qnan.o(.constdata)
    .constdata                               0x080074b8   Section      200  rred.o(.constdata)
    pio2s                                    0x080074b8   Data          48  rred.o(.constdata)
    twooverpi                                0x080074e8   Data         152  rred.o(.constdata)
    .constdata                               0x08007580   Section       40  sin_i.o(.constdata)
    S                                        0x08007580   Data          40  sin_i.o(.constdata)
    .constdata                               0x080075a8   Section      129  ctype_o.o(.constdata)
    .constdata                               0x0800762c   Section        4  ctype_o.o(.constdata)
    table                                    0x0800762c   Data           4  ctype_o.o(.constdata)
    .data                                    0x20000000   Section        8  fonts.o(.data)
    .data                                    0x20000008   Section        8  fonts.o(.data)
    .data                                    0x20000010   Section       10  ssd1306.o(.data)
    SSD1306                                  0x20000012   Data           8  ssd1306.o(.data)
    .data                                    0x2000001c   Section      247  main.o(.data)
    .data                                    0x20000114   Section       12  stm32f1xx_hal.o(.data)
    .data                                    0x20000120   Section        4  system_stm32f1xx.o(.data)
    .data                                    0x20000124   Section        4  errno.o(.data)
    _errno                                   0x20000124   Data           4  errno.o(.data)
    .bss                                     0x20000128   Section     1056  ssd1306.o(.bss)
    SSD1306_Buffer                           0x20000128   Data        1056  ssd1306.o(.bss)
    .bss                                     0x20000548   Section      526  main.o(.bss)
    .bss                                     0x20000758   Section       68  main.o(.bss)
    STACK                                    0x200007a0   Section     1024  startup_stm32f103xb.o(STACK)

    Global Symbols

    Symbol Name                              Value     Ov Type        Size  Object(Section)

    BuildAttributes$$THM_ISAv4$P$D$K$B$S$PE$A:L22UL41UL21$X:L11$S22US41US21$IEEE1$IW$USESV6$~STKCKD$USESV7$~SHL$OTIME$ROPI$IEEEX$EBA8$MICROLIB$REQ8$PRES8$EABIv2 0x00000000   Number         0  anon$$obj.o ABSOLUTE
    __ARM_use_no_argv                        0x00000000   Number         0  main.o ABSOLUTE
    _printf_a                                0x00000000   Number         0  stubs.o ABSOLUTE
    _printf_c                                0x00000000   Number         0  stubs.o ABSOLUTE
    _printf_charcount                        0x00000000   Number         0  stubs.o ABSOLUTE
    _printf_d                                0x00000000   Number         0  stubs.o ABSOLUTE
    _printf_e                                0x00000000   Number         0  stubs.o ABSOLUTE
    _printf_f                                0x00000000   Number         0  stubs.o ABSOLUTE
    _printf_flags                            0x00000000   Number         0  stubs.o ABSOLUTE
    _printf_fp_dec                           0x00000000   Number         0  stubs.o ABSOLUTE
    _printf_fp_hex                           0x00000000   Number         0  stubs.o ABSOLUTE
    _printf_g                                0x00000000   Number         0  stubs.o ABSOLUTE
    _printf_i                                0x00000000   Number         0  stubs.o ABSOLUTE
    _printf_int_dec                          0x00000000   Number         0  stubs.o ABSOLUTE
    _printf_l                                0x00000000   Number         0  stubs.o ABSOLUTE
    _printf_lc                               0x00000000   Number         0  stubs.o ABSOLUTE
    _printf_ll                               0x00000000   Number         0  stubs.o ABSOLUTE
    _printf_lld                              0x00000000   Number         0  stubs.o ABSOLUTE
    _printf_lli                              0x00000000   Number         0  stubs.o ABSOLUTE
    _printf_llo                              0x00000000   Number         0  stubs.o ABSOLUTE
    _printf_llu                              0x00000000   Number         0  stubs.o ABSOLUTE
    _printf_llx                              0x00000000   Number         0  stubs.o ABSOLUTE
    _printf_longlong_dec                     0x00000000   Number         0  stubs.o ABSOLUTE
    _printf_longlong_hex                     0x00000000   Number         0  stubs.o ABSOLUTE
    _printf_longlong_oct                     0x00000000   Number         0  stubs.o ABSOLUTE
    _printf_ls                               0x00000000   Number         0  stubs.o ABSOLUTE
    _printf_mbtowc                           0x00000000   Number         0  stubs.o ABSOLUTE
    _printf_n                                0x00000000   Number         0  stubs.o ABSOLUTE
    _printf_o                                0x00000000   Number         0  stubs.o ABSOLUTE
    _printf_p                                0x00000000   Number         0  stubs.o ABSOLUTE
    _printf_percent                          0x00000000   Number         0  stubs.o ABSOLUTE
    _printf_pre_padding                      0x00000000   Number         0  stubs.o ABSOLUTE
    _printf_return_value                     0x00000000   Number         0  stubs.o ABSOLUTE
    _printf_s                                0x00000000   Number         0  stubs.o ABSOLUTE
    _printf_sizespec                         0x00000000   Number         0  stubs.o ABSOLUTE
    _printf_str                              0x00000000   Number         0  stubs.o ABSOLUTE
    _printf_truncate_signed                  0x00000000   Number         0  stubs.o ABSOLUTE
    _printf_truncate_unsigned                0x00000000   Number         0  stubs.o ABSOLUTE
    _printf_u                                0x00000000   Number         0  stubs.o ABSOLUTE
    _printf_wc                               0x00000000   Number         0  stubs.o ABSOLUTE
    _printf_wctomb                           0x00000000   Number         0  stubs.o ABSOLUTE
    _printf_widthprec                        0x00000000   Number         0  stubs.o ABSOLUTE
    _printf_x                                0x00000000   Number         0  stubs.o ABSOLUTE
    __cpp_initialize__aeabi_                  - Undefined Weak Reference
    __cxa_finalize                            - Undefined Weak Reference
    __decompress                              - Undefined Weak Reference
    _clock_init                               - Undefined Weak Reference
    _microlib_exit                            - Undefined Weak Reference
    __Vectors_Size                           0x000000ec   Number         0  startup_stm32f103xb.o ABSOLUTE
    __Vectors                                0x08000000   Data           4  startup_stm32f103xb.o(RESET)
    __Vectors_End                            0x080000ec   Data           0  startup_stm32f103xb.o(RESET)
    __main                                   0x080000ed   Thumb Code     0  entry.o(.ARM.Collect$$$$00000000)
    _main_stk                                0x080000ed   Thumb Code     0  entry2.o(.ARM.Collect$$$$00000001)
    _main_scatterload                        0x080000f1   Thumb Code     0  entry5.o(.ARM.Collect$$$$00000004)
    __main_after_scatterload                 0x080000f5   Thumb Code     0  entry5.o(.ARM.Collect$$$$00000004)
    _main_clock                              0x080000f5   Thumb Code     0  entry7b.o(.ARM.Collect$$$$00000008)
    _main_cpp_init                           0x080000f5   Thumb Code     0  entry8b.o(.ARM.Collect$$$$0000000A)
    _main_init                               0x080000f5   Thumb Code     0  entry9a.o(.ARM.Collect$$$$0000000B)
    __rt_final_cpp                           0x080000fd   Thumb Code     0  entry10a.o(.ARM.Collect$$$$0000000D)
    __rt_final_exit                          0x080000fd   Thumb Code     0  entry11a.o(.ARM.Collect$$$$0000000F)
    Reset_Handler                            0x08000101   Thumb Code     8  startup_stm32f103xb.o(.text)
    ADC1_2_IRQHandler                        0x0800011b   Thumb Code     0  startup_stm32f103xb.o(.text)
    CAN1_RX1_IRQHandler                      0x0800011b   Thumb Code     0  startup_stm32f103xb.o(.text)
    CAN1_SCE_IRQHandler                      0x0800011b   Thumb Code     0  startup_stm32f103xb.o(.text)
    DMA1_Channel1_IRQHandler                 0x0800011b   Thumb Code     0  startup_stm32f103xb.o(.text)
    DMA1_Channel2_IRQHandler                 0x0800011b   Thumb Code     0  startup_stm32f103xb.o(.text)
    DMA1_Channel3_IRQHandler                 0x0800011b   Thumb Code     0  startup_stm32f103xb.o(.text)
    DMA1_Channel4_IRQHandler                 0x0800011b   Thumb Code     0  startup_stm32f103xb.o(.text)
    DMA1_Channel5_IRQHandler                 0x0800011b   Thumb Code     0  startup_stm32f103xb.o(.text)
    DMA1_Channel7_IRQHandler                 0x0800011b   Thumb Code     0  startup_stm32f103xb.o(.text)
    EXTI0_IRQHandler                         0x0800011b   Thumb Code     0  startup_stm32f103xb.o(.text)
    EXTI1_IRQHandler                         0x0800011b   Thumb Code     0  startup_stm32f103xb.o(.text)
    EXTI2_IRQHandler                         0x0800011b   Thumb Code     0  startup_stm32f103xb.o(.text)
    EXTI3_IRQHandler                         0x0800011b   Thumb Code     0  startup_stm32f103xb.o(.text)
    EXTI4_IRQHandler                         0x0800011b   Thumb Code     0  startup_stm32f103xb.o(.text)
    EXTI9_5_IRQHandler                       0x0800011b   Thumb Code     0  startup_stm32f103xb.o(.text)
    FLASH_IRQHandler                         0x0800011b   Thumb Code     0  startup_stm32f103xb.o(.text)
    I2C1_ER_IRQHandler                       0x0800011b   Thumb Code     0  startup_stm32f103xb.o(.text)
    I2C2_ER_IRQHandler                       0x0800011b   Thumb Code     0  startup_stm32f103xb.o(.text)
    I2C2_EV_IRQHandler                       0x0800011b   Thumb Code     0  startup_stm32f103xb.o(.text)
    PVD_IRQHandler                           0x0800011b   Thumb Code     0  startup_stm32f103xb.o(.text)
    RCC_IRQHandler                           0x0800011b   Thumb Code     0  startup_stm32f103xb.o(.text)
    RTC_Alarm_IRQHandler                     0x0800011b   Thumb Code     0  startup_stm32f103xb.o(.text)
    RTC_IRQHandler                           0x0800011b   Thumb Code     0  startup_stm32f103xb.o(.text)
    SPI1_IRQHandler                          0x0800011b   Thumb Code     0  startup_stm32f103xb.o(.text)
    SPI2_IRQHandler                          0x0800011b   Thumb Code     0  startup_stm32f103xb.o(.text)
    TAMPER_IRQHandler                        0x0800011b   Thumb Code     0  startup_stm32f103xb.o(.text)
    TIM1_BRK_IRQHandler                      0x0800011b   Thumb Code     0  startup_stm32f103xb.o(.text)
    TIM1_CC_IRQHandler                       0x0800011b   Thumb Code     0  startup_stm32f103xb.o(.text)
    TIM1_TRG_COM_IRQHandler                  0x0800011b   Thumb Code     0  startup_stm32f103xb.o(.text)
    TIM1_UP_IRQHandler                       0x0800011b   Thumb Code     0  startup_stm32f103xb.o(.text)
    TIM2_IRQHandler                          0x0800011b   Thumb Code     0  startup_stm32f103xb.o(.text)
    TIM3_IRQHandler                          0x0800011b   Thumb Code     0  startup_stm32f103xb.o(.text)
    TIM4_IRQHandler                          0x0800011b   Thumb Code     0  startup_stm32f103xb.o(.text)
    USART2_IRQHandler                        0x0800011b   Thumb Code     0  startup_stm32f103xb.o(.text)
    USART3_IRQHandler                        0x0800011b   Thumb Code     0  startup_stm32f103xb.o(.text)
    USBWakeUp_IRQHandler                     0x0800011b   Thumb Code     0  startup_stm32f103xb.o(.text)
    USB_HP_CAN1_TX_IRQHandler                0x0800011b   Thumb Code     0  startup_stm32f103xb.o(.text)
    USB_LP_CAN1_RX0_IRQHandler               0x0800011b   Thumb Code     0  startup_stm32f103xb.o(.text)
    WWDG_IRQHandler                          0x0800011b   Thumb Code     0  startup_stm32f103xb.o(.text)
    __aeabi_llsr                             0x08000125   Thumb Code    32  llushr.o(.text)
    _ll_ushift_r                             0x08000125   Thumb Code     0  llushr.o(.text)
    __aeabi_memcpy                           0x08000145   Thumb Code    36  memcpya.o(.text)
    __aeabi_memcpy4                          0x08000145   Thumb Code     0  memcpya.o(.text)
    __aeabi_memcpy8                          0x08000145   Thumb Code     0  memcpya.o(.text)
    __aeabi_memset                           0x08000169   Thumb Code    14  memseta.o(.text)
    __aeabi_memset4                          0x08000169   Thumb Code     0  memseta.o(.text)
    __aeabi_memset8                          0x08000169   Thumb Code     0  memseta.o(.text)
    __aeabi_memclr                           0x08000177   Thumb Code     4  memseta.o(.text)
    __aeabi_memclr4                          0x08000177   Thumb Code     0  memseta.o(.text)
    __aeabi_memclr8                          0x08000177   Thumb Code     0  memseta.o(.text)
    _memset$wrapper                          0x0800017b   Thumb Code    18  memseta.o(.text)
    strlen                                   0x0800018d   Thumb Code    14  strlen.o(.text)
    atoi                                     0x0800019b   Thumb Code    26  atoi.o(.text)
    __aeabi_fadd                             0x080001b5   Thumb Code   164  fadd.o(.text)
    __aeabi_fsub                             0x08000259   Thumb Code     6  fadd.o(.text)
    __aeabi_frsub                            0x0800025f   Thumb Code     6  fadd.o(.text)
    __aeabi_fmul                             0x08000265   Thumb Code   100  fmul.o(.text)
    __aeabi_fdiv                             0x080002c9   Thumb Code   124  fdiv.o(.text)
    __aeabi_dadd                             0x08000345   Thumb Code   322  dadd.o(.text)
    __aeabi_dsub                             0x08000487   Thumb Code     6  dadd.o(.text)
    __aeabi_drsub                            0x0800048d   Thumb Code     6  dadd.o(.text)
    __aeabi_dmul                             0x08000493   Thumb Code   228  dmul.o(.text)
    __aeabi_ddiv                             0x08000577   Thumb Code   222  ddiv.o(.text)
    __aeabi_i2d                              0x08000655   Thumb Code    34  dflti.o(.text)
    __aeabi_d2iz                             0x08000677   Thumb Code    62  dfixi.o(.text)
    __aeabi_f2d                              0x080006b5   Thumb Code    38  f2d.o(.text)
    __aeabi_d2f                              0x080006db   Thumb Code    56  d2f.o(.text)
    __aeabi_uidiv                            0x08000713   Thumb Code     0  uidiv.o(.text)
    __aeabi_uidivmod                         0x08000713   Thumb Code    44  uidiv.o(.text)
    __aeabi_uldivmod                         0x0800073f   Thumb Code    98  uldiv.o(.text)
    __aeabi_llsl                             0x080007a1   Thumb Code    30  llshl.o(.text)
    _ll_shift_l                              0x080007a1   Thumb Code     0  llshl.o(.text)
    __aeabi_lasr                             0x080007bf   Thumb Code    36  llsshr.o(.text)
    _ll_sshift_r                             0x080007bf   Thumb Code     0  llsshr.o(.text)
    __strtod_int                             0x0800081b   Thumb Code    90  strtod.o(.text)
    strtol                                   0x08000881   Thumb Code   112  strtol.o(.text)
    __I$use$fp                               0x080008f1   Thumb Code     0  iusefp.o(.text)
    _float_round                             0x080008f1   Thumb Code    18  fepilogue.o(.text)
    _float_epilogue                          0x08000903   Thumb Code    92  fepilogue.o(.text)
    _double_round                            0x0800095f   Thumb Code    30  depilogue.o(.text)
    _double_epilogue                         0x0800097d   Thumb Code   156  depilogue.o(.text)
    _dsqrt                                   0x08000a19   Thumb Code   162  dsqrt.o(.text)
    __aeabi_d2ulz                            0x08000abb   Thumb Code    48  dfixul.o(.text)
    __aeabi_cdrcmple                         0x08000aed   Thumb Code    48  cdrcmple.o(.text)
    __scatterload                            0x08000b1d   Thumb Code    28  init.o(.text)
    __scatterload_rt2                        0x08000b1d   Thumb Code     0  init.o(.text)
    __rt_ctype_table                         0x08000b41   Thumb Code     4  ctype_o.o(.text)
    isspace                                  0x08000b49   Thumb Code    18  isspace_o.o(.text)
    _scanf_real                              0x08000c85   Thumb Code     0  scanf_fp.o(.text)
    _scanf_really_real                       0x08000c85   Thumb Code   556  scanf_fp.o(.text)
    _sgetc                                   0x08000ebd   Thumb Code    30  _sgetc.o(.text)
    _sbackspace                              0x08000edb   Thumb Code    34  _sgetc.o(.text)
    _strtoul                                 0x08000efd   Thumb Code   158  _strtoul.o(.text)
    __ARM_scalbn                             0x08000f9b   Thumb Code    46  dscalb.o(.text)
    scalbn                                   0x08000f9b   Thumb Code     0  dscalb.o(.text)
    __aeabi_ui2d                             0x08000fc9   Thumb Code    26  dfltui.o(.text)
    _chval                                   0x08000fe3   Thumb Code    28  _chval.o(.text)
    __aeabi_ul2d                             0x08000fff   Thumb Code    24  dfltul.o(.text)
    BusFault_Handler                         0x08001017   Thumb Code     2  stm32f1xx_it.o(i.BusFault_Handler)
    Configure_USART                          0x08001019   Thumb Code   280  main.o(i.Configure_USART)
    DMA1_Channel6_IRQHandler                 0x08001149   Thumb Code     6  stm32f1xx_it.o(i.DMA1_Channel6_IRQHandler)
    DebugMon_Handler                         0x0800117f   Thumb Code     2  stm32f1xx_it.o(i.DebugMon_Handler)
    EXTI15_10_IRQHandler                     0x08001181   Thumb Code     8  stm32f1xx_it.o(i.EXTI15_10_IRQHandler)
    Error_Callback                           0x08001189   Thumb Code    26  main.o(i.Error_Callback)
    Error_Handler                            0x080011ad   Thumb Code     2  main.o(i.Error_Handler)
    GpsToDecimalDegrees                      0x080011b1   Thumb Code   104  main.o(i.GpsToDecimalDegrees)
    HAL_DMA_Abort_IT                         0x0800121d   Thumb Code   148  stm32f1xx_hal_dma.o(i.HAL_DMA_Abort_IT)
    HAL_DMA_GetState                         0x080012b5   Thumb Code     6  stm32f1xx_hal_dma.o(i.HAL_DMA_GetState)
    HAL_DMA_IRQHandler                       0x080012bd   Thumb Code   316  stm32f1xx_hal_dma.o(i.HAL_DMA_IRQHandler)
    HAL_DMA_Init                             0x08001411   Thumb Code    84  stm32f1xx_hal_dma.o(i.HAL_DMA_Init)
    HAL_DMA_Start_IT                         0x0800146d   Thumb Code   112  stm32f1xx_hal_dma.o(i.HAL_DMA_Start_IT)
    HAL_Delay                                0x080014dd   Thumb Code    32  stm32f1xx_hal.o(i.HAL_Delay)
    HAL_GPIO_EXTI_Callback                   0x08001501   Thumb Code     2  stm32f1xx_hal_gpio.o(i.HAL_GPIO_EXTI_Callback)
    HAL_GPIO_EXTI_IRQHandler                 0x08001505   Thumb Code    18  stm32f1xx_hal_gpio.o(i.HAL_GPIO_EXTI_IRQHandler)
    HAL_GPIO_Init                            0x0800151d   Thumb Code   446  stm32f1xx_hal_gpio.o(i.HAL_GPIO_Init)
    HAL_GPIO_ReadPin                         0x080016fd   Thumb Code    10  stm32f1xx_hal_gpio.o(i.HAL_GPIO_ReadPin)
    HAL_GPIO_WritePin                        0x08001707   Thumb Code    10  stm32f1xx_hal_gpio.o(i.HAL_GPIO_WritePin)
    HAL_GetTick                              0x08001711   Thumb Code     6  stm32f1xx_hal.o(i.HAL_GetTick)
    HAL_I2C_AbortCpltCallback                0x0800171d   Thumb Code     2  stm32f1xx_hal_i2c.o(i.HAL_I2C_AbortCpltCallback)
    HAL_I2C_AddrCallback                     0x0800171f   Thumb Code     2  stm32f1xx_hal_i2c.o(i.HAL_I2C_AddrCallback)
    HAL_I2C_EV_IRQHandler                    0x08001721   Thumb Code   614  stm32f1xx_hal_i2c.o(i.HAL_I2C_EV_IRQHandler)
    HAL_I2C_ErrorCallback                    0x08001987   Thumb Code     2  stm32f1xx_hal_i2c.o(i.HAL_I2C_ErrorCallback)
    HAL_I2C_GetState                         0x08001989   Thumb Code     6  stm32f1xx_hal_i2c.o(i.HAL_I2C_GetState)
    HAL_I2C_Init                             0x08001991   Thumb Code   376  stm32f1xx_hal_i2c.o(i.HAL_I2C_Init)
    HAL_I2C_IsDeviceReady                    0x08001b19   Thumb Code   354  stm32f1xx_hal_i2c.o(i.HAL_I2C_IsDeviceReady)
    HAL_I2C_ListenCpltCallback               0x08001c85   Thumb Code     2  stm32f1xx_hal_i2c.o(i.HAL_I2C_ListenCpltCallback)
    HAL_I2C_MasterRxCpltCallback             0x08001c87   Thumb Code     2  stm32f1xx_hal_i2c.o(i.HAL_I2C_MasterRxCpltCallback)
    HAL_I2C_MasterTxCpltCallback             0x08001c89   Thumb Code     2  stm32f1xx_hal_i2c.o(i.HAL_I2C_MasterTxCpltCallback)
    HAL_I2C_MemRxCpltCallback                0x08001c8b   Thumb Code     2  stm32f1xx_hal_i2c.o(i.HAL_I2C_MemRxCpltCallback)
    HAL_I2C_MemTxCpltCallback                0x08001c8d   Thumb Code     2  ssd1306.o(i.HAL_I2C_MemTxCpltCallback)
    HAL_I2C_Mem_Write_DMA                    0x08001c91   Thumb Code   358  stm32f1xx_hal_i2c.o(i.HAL_I2C_Mem_Write_DMA)
    HAL_I2C_MspInit                          0x08001e09   Thumb Code   154  stm32f1xx_hal_msp.o(i.HAL_I2C_MspInit)
    HAL_I2C_SlaveRxCpltCallback              0x08001ebd   Thumb Code     2  stm32f1xx_hal_i2c.o(i.HAL_I2C_SlaveRxCpltCallback)
    HAL_I2C_SlaveTxCpltCallback              0x08001ebf   Thumb Code     2  stm32f1xx_hal_i2c.o(i.HAL_I2C_SlaveTxCpltCallback)
    HAL_IncTick                              0x08001ec1   Thumb Code    12  stm32f1xx_hal.o(i.HAL_IncTick)
    HAL_Init                                 0x08001ed1   Thumb Code    32  stm32f1xx_hal.o(i.HAL_Init)
    HAL_InitTick                             0x08001ef5   Thumb Code    54  stm32f1xx_hal.o(i.HAL_InitTick)
    HAL_MspInit                              0x08001f35   Thumb Code    52  stm32f1xx_hal_msp.o(i.HAL_MspInit)
    HAL_NVIC_EnableIRQ                       0x08001f71   Thumb Code    26  stm32f1xx_hal_cortex.o(i.HAL_NVIC_EnableIRQ)
    HAL_NVIC_SetPriority                     0x08001f8d   Thumb Code    60  stm32f1xx_hal_cortex.o(i.HAL_NVIC_SetPriority)
    HAL_NVIC_SetPriorityGrouping             0x08001fcd   Thumb Code    26  stm32f1xx_hal_cortex.o(i.HAL_NVIC_SetPriorityGrouping)
    HAL_RCC_ClockConfig                      0x08001ff1   Thumb Code   280  stm32f1xx_hal_rcc.o(i.HAL_RCC_ClockConfig)
    HAL_RCC_GetPCLK1Freq                     0x0800211d   Thumb Code    20  stm32f1xx_hal_rcc.o(i.HAL_RCC_GetPCLK1Freq)
    HAL_RCC_GetPCLK2Freq                     0x0800213d   Thumb Code    20  stm32f1xx_hal_rcc.o(i.HAL_RCC_GetPCLK2Freq)
    HAL_RCC_GetSysClockFreq                  0x0800215d   Thumb Code    74  stm32f1xx_hal_rcc.o(i.HAL_RCC_GetSysClockFreq)
    HAL_RCC_OscConfig                        0x080021c9   Thumb Code   778  stm32f1xx_hal_rcc.o(i.HAL_RCC_OscConfig)
    HAL_SYSTICK_Config                       0x080024e9   Thumb Code    40  stm32f1xx_hal_cortex.o(i.HAL_SYSTICK_Config)
    HAL_TIMEx_MasterConfigSynchronization    0x08002511   Thumb Code    92  stm32f1xx_hal_tim_ex.o(i.HAL_TIMEx_MasterConfigSynchronization)
    HAL_TIM_Base_Init                        0x08002579   Thumb Code    90  stm32f1xx_hal_tim.o(i.HAL_TIM_Base_Init)
    HAL_TIM_Base_MspInit                     0x080025d5   Thumb Code    30  stm32f1xx_hal_msp.o(i.HAL_TIM_Base_MspInit)
    HAL_TIM_Base_Start                       0x080025fd   Thumb Code    66  stm32f1xx_hal_tim.o(i.HAL_TIM_Base_Start)
    HAL_TIM_Base_Stop                        0x0800264d   Thumb Code    38  stm32f1xx_hal_tim.o(i.HAL_TIM_Base_Stop)
    HAL_TIM_ConfigClockSource                0x08002673   Thumb Code   214  stm32f1xx_hal_tim.o(i.HAL_TIM_ConfigClockSource)
    HAL_UART_Init                            0x08002749   Thumb Code    98  stm32f1xx_hal_uart.o(i.HAL_UART_Init)
    HAL_UART_MspInit                         0x080027ad   Thumb Code   170  stm32f1xx_hal_msp.o(i.HAL_UART_MspInit)
    HAL_UART_Transmit                        0x08002869   Thumb Code   178  stm32f1xx_hal_uart.o(i.HAL_UART_Transmit)
    HardFault_Handler                        0x0800291b   Thumb Code     2  stm32f1xx_it.o(i.HardFault_Handler)
    I2C1_EV_IRQHandler                       0x0800291d   Thumb Code     6  stm32f1xx_it.o(i.I2C1_EV_IRQHandler)
    MemManage_Handler                        0x080036e9   Thumb Code     2  stm32f1xx_it.o(i.MemManage_Handler)
    NMI_Handler                              0x080036eb   Thumb Code     2  stm32f1xx_it.o(i.NMI_Handler)
    PendSV_Handler                           0x080036ed   Thumb Code     2  stm32f1xx_it.o(i.PendSV_Handler)
    SVC_Handler                              0x080036ef   Thumb Code     2  stm32f1xx_it.o(i.SVC_Handler)
    SysTick_Handler                          0x080036f1   Thumb Code     4  stm32f1xx_it.o(i.SysTick_Handler)
    SystemClock_Config                       0x080036f5   Thumb Code    76  main.o(i.SystemClock_Config)
    SystemInit                               0x08003741   Thumb Code     2  system_stm32f1xx.o(i.SystemInit)
    TIM_Base_SetConfig                       0x08003745   Thumb Code    94  stm32f1xx_hal_tim.o(i.TIM_Base_SetConfig)
    TIM_ETR_SetConfig                        0x080037b1   Thumb Code    20  stm32f1xx_hal_tim.o(i.TIM_ETR_SetConfig)
    USART1_IRQHandler                        0x08003939   Thumb Code    26  stm32f1xx_it.o(i.USART1_IRQHandler)
    USART_CharReception_Callback             0x08003959   Thumb Code    38  main.o(i.USART_CharReception_Callback)
    UsageFault_Handler                       0x08003991   Thumb Code     2  stm32f1xx_it.o(i.UsageFault_Handler)
    __0sprintf                               0x08003995   Thumb Code    34  printfa.o(i.__0sprintf)
    __1sprintf                               0x08003995   Thumb Code     0  printfa.o(i.__0sprintf)
    __2sprintf                               0x08003995   Thumb Code     0  printfa.o(i.__0sprintf)
    __c89sprintf                             0x08003995   Thumb Code     0  printfa.o(i.__0sprintf)
    sprintf                                  0x08003995   Thumb Code     0  printfa.o(i.__0sprintf)
    __ARM_fpclassify                         0x080039bd   Thumb Code    40  fpclassify.o(i.__ARM_fpclassify)
    __aeabi_errno_addr                       0x08003a05   Thumb Code     4  errno.o(i.__aeabi_errno_addr)
    __rt_errno_addr                          0x08003a05   Thumb Code     0  errno.o(i.__aeabi_errno_addr)
    __ieee754_rem_pio2                       0x08003a0d   Thumb Code   828  rred.o(i.__ieee754_rem_pio2)
    __kernel_cos                             0x08003d95   Thumb Code   230  cos_i.o(i.__kernel_cos)
    __kernel_poly                            0x08003e91   Thumb Code   170  poly.o(i.__kernel_poly)
    __kernel_sin                             0x08003f3d   Thumb Code   224  sin_i.o(i.__kernel_sin)
    __mathlib_dbl_infnan                     0x08004029   Thumb Code     6  dunder.o(i.__mathlib_dbl_infnan)
    __mathlib_dbl_infnan2                    0x0800402f   Thumb Code     4  dunder.o(i.__mathlib_dbl_infnan2)
    __mathlib_dbl_invalid                    0x08004033   Thumb Code    12  dunder.o(i.__mathlib_dbl_invalid)
    __mathlib_dbl_underflow                  0x08004041   Thumb Code    10  dunder.o(i.__mathlib_dbl_underflow)
    __read_errno                             0x08004051   Thumb Code     6  errno.o(i.__read_errno)
    __scatterload_copy                       0x0800405d   Thumb Code    14  handlers.o(i.__scatterload_copy)
    __scatterload_null                       0x0800406b   Thumb Code     2  handlers.o(i.__scatterload_null)
    __scatterload_zeroinit                   0x0800406d   Thumb Code    14  handlers.o(i.__scatterload_zeroinit)
    __set_errno                              0x0800407d   Thumb Code     6  errno.o(i.__set_errno)
    _is_digit                                0x0800420d   Thumb Code    14  scanf_fp.o(i._is_digit)
    atan                                     0x08004955   Thumb Code   474  atan.o(i.atan)
    atan2                                    0x08004b75   Thumb Code   346  atan2.o(i.atan2)
    atof                                     0x08004cf5   Thumb Code    42  atof.o(i.atof)
    cos                                      0x08004d21   Thumb Code   148  cos.o(i.cos)
    distance_between                         0x08004dbd   Thumb Code   276  main.o(i.distance_between)
    main                                     0x08004ed5   Thumb Code  1578  main.o(i.main)
    radians                                  0x0800553d   Thumb Code    18  main.o(i.radians)
    sin                                      0x08005559   Thumb Code   150  sin.o(i.sin)
    sqrt                                     0x080055f9   Thumb Code    76  sqrt.o(i.sqrt)
    ssd1306_Clear                            0x08005645   Thumb Code    10  ssd1306.o(i.ssd1306_Clear)
    ssd1306_DrawPixel                        0x08005655   Thumb Code    60  ssd1306.o(i.ssd1306_DrawPixel)
    ssd1306_FlipScreenVertically             0x08005699   Thumb Code    18  ssd1306.o(i.ssd1306_FlipScreenVertically)
    ssd1306_Init                             0x080056ad   Thumb Code   242  ssd1306.o(i.ssd1306_Init)
    ssd1306_SetColor                         0x080057a9   Thumb Code     6  ssd1306.o(i.ssd1306_SetColor)
    ssd1306_SetCursor                        0x080057b5   Thumb Code     8  ssd1306.o(i.ssd1306_SetCursor)
    ssd1306_UpdateScreen                     0x080057c1   Thumb Code    78  ssd1306.o(i.ssd1306_UpdateScreen)
    ssd1306_WriteChar                        0x08005819   Thumb Code   166  ssd1306.o(i.ssd1306_WriteChar)
    ssd1306_WriteString                      0x080058ed   Thumb Code    40  ssd1306.o(i.ssd1306_WriteString)
    AHBPrescTable                            0x080073cc   Data          16  system_stm32f1xx.o(.constdata)
    APBPrescTable                            0x080073dc   Data           8  system_stm32f1xx.o(.constdata)
    __mathlib_zero                           0x080074b0   Data           8  qnan.o(.constdata)
    __ctype_table                            0x080075a8   Data         129  ctype_o.o(.constdata)
    Region$$Table$$Base                      0x08007630   Number         0  anon$$obj.o(Region$$Table)
    Region$$Table$$Limit                     0x08007650   Number         0  anon$$obj.o(Region$$Table)
    Font_7x10                                0x20000000   Data           8  fonts.o(.data)
    Font_16x26                               0x20000008   Data           8  fonts.o(.data)
    display_geometry                         0x20000010   Data           1  ssd1306.o(.data)
    CRLF                                     0x2000001c   Data           2  main.o(.data)
    NMEA_fix                                 0x2000001e   Data           2  main.o(.data)
    NMEA_latitude_pole                       0x20000020   Data           2  main.o(.data)
    NMEA_longitude_side                      0x20000022   Data           2  main.o(.data)
    NMEA_variation_side                      0x20000024   Data           2  main.o(.data)
    rawHOUR                                  0x20000026   Data           2  main.o(.data)
    OLD_NMEA_latitude_pole                   0x20000028   Data           2  main.o(.data)
    OLD_NMEA_longitude_side                  0x2000002a   Data           2  main.o(.data)
    START_TIME_0_100                         0x2000002c   Data           4  main.o(.data)
    END_TIME_0_100                           0x20000030   Data           4  main.o(.data)
    TOTAL_TIME_0_100                         0x20000034   Data           4  main.o(.data)
    DRAG                                     0x20000038   Data           4  main.o(.data)
    i                                        0x2000003c   Data           4  main.o(.data)
    k                                        0x20000040   Data           4  main.o(.data)
    j                                        0x20000044   Data           4  main.o(.data)
    NMEA_length_pause                        0x20000048   Data           4  main.o(.data)
    READY_MESSAGE                            0x2000004c   Data           4  main.o(.data)
    DISTANCE_METERS                          0x20000050   Data           4  main.o(.data)
    DISTANCE_KM                              0x20000054   Data           4  main.o(.data)
    HOUR                                     0x20000058   Data           4  main.o(.data)
    NMEA_time_length                         0x2000005c   Data           4  main.o(.data)
    NMEA_fix_length                          0x20000060   Data           4  main.o(.data)
    NMEA_latitude_length                     0x20000064   Data           4  main.o(.data)
    NMEA_latitude_pole_length                0x20000068   Data           4  main.o(.data)
    NMEA_longitude_length                    0x2000006c   Data           4  main.o(.data)
    NMEA_longitude_side_length               0x20000070   Data           4  main.o(.data)
    NMEA_speed_length                        0x20000074   Data           4  main.o(.data)
    NMEA_course_length                       0x20000078   Data           4  main.o(.data)
    NMEA_date_length                         0x2000007c   Data           4  main.o(.data)
    NMEA_variation_length                    0x20000080   Data           4  main.o(.data)
    NMEA_variation_side_length               0x20000084   Data           4  main.o(.data)
    TIMER_MS                                 0x20000088   Data           4  main.o(.data)
    result                                   0x2000008c   Data           4  main.o(.data)
    rawSECOND                                0x20000090   Data           6  main.o(.data)
    NMEA_speed                               0x20000096   Data           8  main.o(.data)
    NMEA_course                              0x2000009e   Data           8  main.o(.data)
    NMEA_date                                0x200000a6   Data           8  main.o(.data)
    NMEA_variation                           0x200000ae   Data           8  main.o(.data)
    GPS_BAUD_115200                          0x200000b6   Data          19  main.o(.data)
    GPRMC_GPGSA                              0x200000c9   Data          50  main.o(.data)
    GPS_10Hz                                 0x200000fb   Data          24  main.o(.data)
    uwTickFreq                               0x20000114   Data           1  stm32f1xx_hal.o(.data)
    uwTickPrio                               0x20000118   Data           4  stm32f1xx_hal.o(.data)
    uwTick                                   0x2000011c   Data           4  stm32f1xx_hal.o(.data)
    SystemCoreClock                          0x20000120   Data           4  system_stm32f1xx.o(.data)
    hi2c1                                    0x20000548   Data          84  main.o(.bss)
    htim1                                    0x2000059c   Data          72  main.o(.bss)
    huart1                                   0x200005e4   Data          64  main.o(.bss)
    huart2                                   0x20000624   Data          64  main.o(.bss)
    NMEA_time                                0x20000664   Data          12  main.o(.bss)
    NMEA_latitude                            0x20000670   Data          10  main.o(.bss)
    NMEA_longitude                           0x2000067a   Data          10  main.o(.bss)
    OLD_NMEA_latitude                        0x20000684   Data          10  main.o(.bss)
    OLD_NMEA_longitude                       0x2000068e   Data          10  main.o(.bss)
    myNMEA                                   0x20000698   Data          80  main.o(.bss)
    Rx_data                                  0x200006e8   Data          80  main.o(.bss)
    strbff                                   0x20000738   Data          30  main.o(.bss)
    hdma_i2c1_tx                             0x20000758   Data          68  main.o(.bss)
    __initial_sp                             0x20000ba0   Data           0  startup_stm32f103xb.o(STACK)



==============================================================================

Memory Map of the image

  Image Entry point : 0x080000ed

  Load Region LR_IROM1 (Base: 0x08000000, Size: 0x00007778, Max: 0x00020000, ABSOLUTE)

    Execution Region ER_IROM1 (Exec base: 0x08000000, Load base: 0x08000000, Size: 0x00007650, Max: 0x00020000, ABSOLUTE)

    Exec Addr    Load Addr    Size         Type   Attr      Idx    E Section Name        Object

    0x08000000   0x08000000   0x000000ec   Data   RO            3    RESET               startup_stm32f103xb.o
    0x080000ec   0x080000ec   0x00000000   Code   RO         3686  * .ARM.Collect$$$$00000000  mc_w.l(entry.o)
    0x080000ec   0x080000ec   0x00000004   Code   RO         4021    .ARM.Collect$$$$00000001  mc_w.l(entry2.o)
    0x080000f0   0x080000f0   0x00000004   Code   RO         4024    .ARM.Collect$$$$00000004  mc_w.l(entry5.o)
    0x080000f4   0x080000f4   0x00000000   Code   RO         4026    .ARM.Collect$$$$00000008  mc_w.l(entry7b.o)
    0x080000f4   0x080000f4   0x00000000   Code   RO         4028    .ARM.Collect$$$$0000000A  mc_w.l(entry8b.o)
    0x080000f4   0x080000f4   0x00000008   Code   RO         4029    .ARM.Collect$$$$0000000B  mc_w.l(entry9a.o)
    0x080000fc   0x080000fc   0x00000000   Code   RO         4031    .ARM.Collect$$$$0000000D  mc_w.l(entry10a.o)
    0x080000fc   0x080000fc   0x00000000   Code   RO         4033    .ARM.Collect$$$$0000000F  mc_w.l(entry11a.o)
    0x080000fc   0x080000fc   0x00000004   Code   RO         4022    .ARM.Collect$$$$00002712  mc_w.l(entry2.o)
    0x08000100   0x08000100   0x00000024   Code   RO            4    .text               startup_stm32f103xb.o
    0x08000124   0x08000124   0x00000020   Code   RO         3689    .text               mc_w.l(llushr.o)
    0x08000144   0x08000144   0x00000024   Code   RO         3691    .text               mc_w.l(memcpya.o)
    0x08000168   0x08000168   0x00000024   Code   RO         3693    .text               mc_w.l(memseta.o)
    0x0800018c   0x0800018c   0x0000000e   Code   RO         3695    .text               mc_w.l(strlen.o)
    0x0800019a   0x0800019a   0x0000001a   Code   RO         3960    .text               mc_w.l(atoi.o)
    0x080001b4   0x080001b4   0x000000b0   Code   RO         3962    .text               mf_w.l(fadd.o)
    0x08000264   0x08000264   0x00000064   Code   RO         3964    .text               mf_w.l(fmul.o)
    0x080002c8   0x080002c8   0x0000007c   Code   RO         3966    .text               mf_w.l(fdiv.o)
    0x08000344   0x08000344   0x0000014e   Code   RO         3968    .text               mf_w.l(dadd.o)
    0x08000492   0x08000492   0x000000e4   Code   RO         3970    .text               mf_w.l(dmul.o)
    0x08000576   0x08000576   0x000000de   Code   RO         3972    .text               mf_w.l(ddiv.o)
    0x08000654   0x08000654   0x00000022   Code   RO         3974    .text               mf_w.l(dflti.o)
    0x08000676   0x08000676   0x0000003e   Code   RO         3976    .text               mf_w.l(dfixi.o)
    0x080006b4   0x080006b4   0x00000026   Code   RO         3978    .text               mf_w.l(f2d.o)
    0x080006da   0x080006da   0x00000038   Code   RO         3980    .text               mf_w.l(d2f.o)
    0x08000712   0x08000712   0x0000002c   Code   RO         4038    .text               mc_w.l(uidiv.o)
    0x0800073e   0x0800073e   0x00000062   Code   RO         4040    .text               mc_w.l(uldiv.o)
    0x080007a0   0x080007a0   0x0000001e   Code   RO         4042    .text               mc_w.l(llshl.o)
    0x080007be   0x080007be   0x00000024   Code   RO         4044    .text               mc_w.l(llsshr.o)
    0x080007e2   0x080007e2   0x00000002   PAD
    0x080007e4   0x080007e4   0x0000009c   Code   RO         4053    .text               mc_w.l(strtod.o)
    0x08000880   0x08000880   0x00000070   Code   RO         4055    .text               mc_w.l(strtol.o)
    0x080008f0   0x080008f0   0x00000000   Code   RO         4057    .text               mc_w.l(iusefp.o)
    0x080008f0   0x080008f0   0x0000006e   Code   RO         4058    .text               mf_w.l(fepilogue.o)
    0x0800095e   0x0800095e   0x000000ba   Code   RO         4060    .text               mf_w.l(depilogue.o)
    0x08000a18   0x08000a18   0x000000a2   Code   RO         4062    .text               mf_w.l(dsqrt.o)
    0x08000aba   0x08000aba   0x00000030   Code   RO         4064    .text               mf_w.l(dfixul.o)
    0x08000aea   0x08000aea   0x00000002   PAD
    0x08000aec   0x08000aec   0x00000030   Code   RO         4068    .text               mf_w.l(cdrcmple.o)
    0x08000b1c   0x08000b1c   0x00000024   Code   RO         4074    .text               mc_w.l(init.o)
    0x08000b40   0x08000b40   0x00000008   Code   RO         4079    .text               mc_w.l(ctype_o.o)
    0x08000b48   0x08000b48   0x00000012   Code   RO         4101    .text               mc_w.l(isspace_o.o)
    0x08000b5a   0x08000b5a   0x00000002   PAD
    0x08000b5c   0x08000b5c   0x00000360   Code   RO         4107    .text               mc_w.l(scanf_fp.o)
    0x08000ebc   0x08000ebc   0x00000040   Code   RO         4111    .text               mc_w.l(_sgetc.o)
    0x08000efc   0x08000efc   0x0000009e   Code   RO         4113    .text               mc_w.l(_strtoul.o)
    0x08000f9a   0x08000f9a   0x0000002e   Code   RO         4116    .text               mf_w.l(dscalb.o)
    0x08000fc8   0x08000fc8   0x0000001a   Code   RO         4118    .text               mf_w.l(dfltui.o)
    0x08000fe2   0x08000fe2   0x0000001c   Code   RO         4123    .text               mc_w.l(_chval.o)
    0x08000ffe   0x08000ffe   0x00000018   Code   RO         4125    .text               mf_w.l(dfltul.o)
    0x08001016   0x08001016   0x00000002   Code   RO          543    i.BusFault_Handler  stm32f1xx_it.o
    0x08001018   0x08001018   0x00000130   Code   RO          377    i.Configure_USART   main.o
    0x08001148   0x08001148   0x0000000c   Code   RO          544    i.DMA1_Channel6_IRQHandler  stm32f1xx_it.o
    0x08001154   0x08001154   0x0000002a   Code   RO         1724    i.DMA_SetConfig     stm32f1xx_hal_dma.o
    0x0800117e   0x0800117e   0x00000002   Code   RO          545    i.DebugMon_Handler  stm32f1xx_it.o
    0x08001180   0x08001180   0x00000008   Code   RO          546    i.EXTI15_10_IRQHandler  stm32f1xx_it.o
    0x08001188   0x08001188   0x00000024   Code   RO          378    i.Error_Callback    main.o
    0x080011ac   0x080011ac   0x00000002   Code   RO          379    i.Error_Handler     main.o
    0x080011ae   0x080011ae   0x00000002   PAD
    0x080011b0   0x080011b0   0x0000006c   Code   RO          380    i.GpsToDecimalDegrees  main.o
    0x0800121c   0x0800121c   0x00000098   Code   RO         1726    i.HAL_DMA_Abort_IT  stm32f1xx_hal_dma.o
    0x080012b4   0x080012b4   0x00000006   Code   RO         1729    i.HAL_DMA_GetState  stm32f1xx_hal_dma.o
    0x080012ba   0x080012ba   0x00000002   PAD
    0x080012bc   0x080012bc   0x00000154   Code   RO         1730    i.HAL_DMA_IRQHandler  stm32f1xx_hal_dma.o
    0x08001410   0x08001410   0x0000005c   Code   RO         1731    i.HAL_DMA_Init      stm32f1xx_hal_dma.o
    0x0800146c   0x0800146c   0x00000070   Code   RO         1735    i.HAL_DMA_Start_IT  stm32f1xx_hal_dma.o
    0x080014dc   0x080014dc   0x00000024   Code   RO         1353    i.HAL_Delay         stm32f1xx_hal.o
    0x08001500   0x08001500   0x00000002   Code   RO         1659    i.HAL_GPIO_EXTI_Callback  stm32f1xx_hal_gpio.o
    0x08001502   0x08001502   0x00000002   PAD
    0x08001504   0x08001504   0x00000018   Code   RO         1660    i.HAL_GPIO_EXTI_IRQHandler  stm32f1xx_hal_gpio.o
    0x0800151c   0x0800151c   0x000001e0   Code   RO         1661    i.HAL_GPIO_Init     stm32f1xx_hal_gpio.o
    0x080016fc   0x080016fc   0x0000000a   Code   RO         1663    i.HAL_GPIO_ReadPin  stm32f1xx_hal_gpio.o
    0x08001706   0x08001706   0x0000000a   Code   RO         1665    i.HAL_GPIO_WritePin  stm32f1xx_hal_gpio.o
    0x08001710   0x08001710   0x0000000c   Code   RO         1357    i.HAL_GetTick       stm32f1xx_hal.o
    0x0800171c   0x0800171c   0x00000002   Code   RO          919    i.HAL_I2C_AbortCpltCallback  stm32f1xx_hal_i2c.o
    0x0800171e   0x0800171e   0x00000002   Code   RO          920    i.HAL_I2C_AddrCallback  stm32f1xx_hal_i2c.o
    0x08001720   0x08001720   0x00000266   Code   RO          924    i.HAL_I2C_EV_IRQHandler  stm32f1xx_hal_i2c.o
    0x08001986   0x08001986   0x00000002   Code   RO          926    i.HAL_I2C_ErrorCallback  stm32f1xx_hal_i2c.o
    0x08001988   0x08001988   0x00000006   Code   RO          929    i.HAL_I2C_GetState  stm32f1xx_hal_i2c.o
    0x0800198e   0x0800198e   0x00000002   PAD
    0x08001990   0x08001990   0x00000188   Code   RO          930    i.HAL_I2C_Init      stm32f1xx_hal_i2c.o
    0x08001b18   0x08001b18   0x0000016c   Code   RO          931    i.HAL_I2C_IsDeviceReady  stm32f1xx_hal_i2c.o
    0x08001c84   0x08001c84   0x00000002   Code   RO          932    i.HAL_I2C_ListenCpltCallback  stm32f1xx_hal_i2c.o
    0x08001c86   0x08001c86   0x00000002   Code   RO          933    i.HAL_I2C_MasterRxCpltCallback  stm32f1xx_hal_i2c.o
    0x08001c88   0x08001c88   0x00000002   Code   RO          934    i.HAL_I2C_MasterTxCpltCallback  stm32f1xx_hal_i2c.o
    0x08001c8a   0x08001c8a   0x00000002   Code   RO          946    i.HAL_I2C_MemRxCpltCallback  stm32f1xx_hal_i2c.o
    0x08001c8c   0x08001c8c   0x00000002   Code   RO           34    i.HAL_I2C_MemTxCpltCallback  ssd1306.o
    0x08001c8e   0x08001c8e   0x00000002   PAD
    0x08001c90   0x08001c90   0x00000178   Code   RO          952    i.HAL_I2C_Mem_Write_DMA  stm32f1xx_hal_i2c.o
    0x08001e08   0x08001e08   0x000000b4   Code   RO          647    i.HAL_I2C_MspInit   stm32f1xx_hal_msp.o
    0x08001ebc   0x08001ebc   0x00000002   Code   RO          956    i.HAL_I2C_SlaveRxCpltCallback  stm32f1xx_hal_i2c.o
    0x08001ebe   0x08001ebe   0x00000002   Code   RO          957    i.HAL_I2C_SlaveTxCpltCallback  stm32f1xx_hal_i2c.o
    0x08001ec0   0x08001ec0   0x00000010   Code   RO         1363    i.HAL_IncTick       stm32f1xx_hal.o
    0x08001ed0   0x08001ed0   0x00000024   Code   RO         1364    i.HAL_Init          stm32f1xx_hal.o
    0x08001ef4   0x08001ef4   0x00000040   Code   RO         1365    i.HAL_InitTick      stm32f1xx_hal.o
    0x08001f34   0x08001f34   0x0000003c   Code   RO          648    i.HAL_MspInit       stm32f1xx_hal_msp.o
    0x08001f70   0x08001f70   0x0000001a   Code   RO         1821    i.HAL_NVIC_EnableIRQ  stm32f1xx_hal_cortex.o
    0x08001f8a   0x08001f8a   0x00000002   PAD
    0x08001f8c   0x08001f8c   0x00000040   Code   RO         1827    i.HAL_NVIC_SetPriority  stm32f1xx_hal_cortex.o
    0x08001fcc   0x08001fcc   0x00000024   Code   RO         1828    i.HAL_NVIC_SetPriorityGrouping  stm32f1xx_hal_cortex.o
    0x08001ff0   0x08001ff0   0x0000012c   Code   RO         1521    i.HAL_RCC_ClockConfig  stm32f1xx_hal_rcc.o
    0x0800211c   0x0800211c   0x00000020   Code   RO         1528    i.HAL_RCC_GetPCLK1Freq  stm32f1xx_hal_rcc.o
    0x0800213c   0x0800213c   0x00000020   Code   RO         1529    i.HAL_RCC_GetPCLK2Freq  stm32f1xx_hal_rcc.o
    0x0800215c   0x0800215c   0x0000006c   Code   RO         1530    i.HAL_RCC_GetSysClockFreq  stm32f1xx_hal_rcc.o
    0x080021c8   0x080021c8   0x00000320   Code   RO         1533    i.HAL_RCC_OscConfig  stm32f1xx_hal_rcc.o
    0x080024e8   0x080024e8   0x00000028   Code   RO         1832    i.HAL_SYSTICK_Config  stm32f1xx_hal_cortex.o
    0x08002510   0x08002510   0x00000068   Code   RO         3046    i.HAL_TIMEx_MasterConfigSynchronization  stm32f1xx_hal_tim_ex.o
    0x08002578   0x08002578   0x0000005a   Code   RO         2323    i.HAL_TIM_Base_Init  stm32f1xx_hal_tim.o
    0x080025d2   0x080025d2   0x00000002   PAD
    0x080025d4   0x080025d4   0x00000028   Code   RO          650    i.HAL_TIM_Base_MspInit  stm32f1xx_hal_msp.o
    0x080025fc   0x080025fc   0x00000050   Code   RO         2326    i.HAL_TIM_Base_Start  stm32f1xx_hal_tim.o
    0x0800264c   0x0800264c   0x00000026   Code   RO         2329    i.HAL_TIM_Base_Stop  stm32f1xx_hal_tim.o
    0x08002672   0x08002672   0x000000d6   Code   RO         2332    i.HAL_TIM_ConfigClockSource  stm32f1xx_hal_tim.o
    0x08002748   0x08002748   0x00000062   Code   RO         3319    i.HAL_UART_Init     stm32f1xx_hal_uart.o
    0x080027aa   0x080027aa   0x00000002   PAD
    0x080027ac   0x080027ac   0x000000bc   Code   RO          652    i.HAL_UART_MspInit  stm32f1xx_hal_msp.o
    0x08002868   0x08002868   0x000000b2   Code   RO         3327    i.HAL_UART_Transmit  stm32f1xx_hal_uart.o
    0x0800291a   0x0800291a   0x00000002   Code   RO          547    i.HardFault_Handler  stm32f1xx_it.o
    0x0800291c   0x0800291c   0x0000000c   Code   RO          548    i.I2C1_EV_IRQHandler  stm32f1xx_it.o
    0x08002928   0x08002928   0x000000bc   Code   RO          968    i.I2C_DMAAbort      stm32f1xx_hal_i2c.o
    0x080029e4   0x080029e4   0x00000036   Code   RO          969    i.I2C_DMAError      stm32f1xx_hal_i2c.o
    0x08002a1a   0x08002a1a   0x0000010a   Code   RO          970    i.I2C_DMAXferCplt   stm32f1xx_hal_i2c.o
    0x08002b24   0x08002b24   0x00000158   Code   RO          971    i.I2C_ITError       stm32f1xx_hal_i2c.o
    0x08002c7c   0x08002c7c   0x0000002e   Code   RO          972    i.I2C_IsAcknowledgeFailed  stm32f1xx_hal_i2c.o
    0x08002caa   0x08002caa   0x000000d2   Code   RO          973    i.I2C_MasterReceive_BTF  stm32f1xx_hal_i2c.o
    0x08002d7c   0x08002d7c   0x000000e8   Code   RO          974    i.I2C_MasterReceive_RXNE  stm32f1xx_hal_i2c.o
    0x08002e64   0x08002e64   0x00000074   Code   RO          977    i.I2C_MasterTransmit_BTF  stm32f1xx_hal_i2c.o
    0x08002ed8   0x08002ed8   0x000000b6   Code   RO          978    i.I2C_MasterTransmit_TXE  stm32f1xx_hal_i2c.o
    0x08002f8e   0x08002f8e   0x00000002   PAD
    0x08002f90   0x08002f90   0x00000158   Code   RO          979    i.I2C_Master_ADDR   stm32f1xx_hal_i2c.o
    0x080030e8   0x080030e8   0x0000008c   Code   RO          980    i.I2C_Master_SB     stm32f1xx_hal_i2c.o
    0x08003174   0x08003174   0x000000a0   Code   RO          981    i.I2C_MemoryTransmit_TXE_BTF  stm32f1xx_hal_i2c.o
    0x08003214   0x08003214   0x000000a8   Code   RO          983    i.I2C_RequestMemoryWrite  stm32f1xx_hal_i2c.o
    0x080032bc   0x080032bc   0x0000015c   Code   RO          985    i.I2C_Slave_STOPF   stm32f1xx_hal_i2c.o
    0x08003418   0x08003418   0x00000068   Code   RO          987    i.I2C_WaitOnFlagUntilTimeout  stm32f1xx_hal_i2c.o
    0x08003480   0x08003480   0x00000096   Code   RO          988    i.I2C_WaitOnMasterAddressFlagUntilTimeout  stm32f1xx_hal_i2c.o
    0x08003516   0x08003516   0x0000004c   Code   RO          990    i.I2C_WaitOnTXEFlagUntilTimeout  stm32f1xx_hal_i2c.o
    0x08003562   0x08003562   0x00000002   PAD
    0x08003564   0x08003564   0x00000018   Code   RO          384    i.LL_APB2_GRP1_EnableClock  main.o
    0x0800357c   0x0800357c   0x0000002a   Code   RO          385    i.LL_GPIO_SetPinMode  main.o
    0x080035a6   0x080035a6   0x00000018   Code   RO          386    i.LL_GPIO_SetPinPull  main.o
    0x080035be   0x080035be   0x0000002a   Code   RO          387    i.LL_GPIO_SetPinSpeed  main.o
    0x080035e8   0x080035e8   0x000000a8   Code   RO          388    i.MX_GPIO_Init      main.o
    0x08003690   0x08003690   0x00000058   Code   RO          389    i.MX_TIM1_Init      main.o
    0x080036e8   0x080036e8   0x00000002   Code   RO          549    i.MemManage_Handler  stm32f1xx_it.o
    0x080036ea   0x080036ea   0x00000002   Code   RO          550    i.NMI_Handler       stm32f1xx_it.o
    0x080036ec   0x080036ec   0x00000002   Code   RO          551    i.PendSV_Handler    stm32f1xx_it.o
    0x080036ee   0x080036ee   0x00000002   Code   RO          552    i.SVC_Handler       stm32f1xx_it.o
    0x080036f0   0x080036f0   0x00000004   Code   RO          553    i.SysTick_Handler   stm32f1xx_it.o
    0x080036f4   0x080036f4   0x0000004c   Code   RO          390    i.SystemClock_Config  main.o
    0x08003740   0x08003740   0x00000002   Code   RO         3616    i.SystemInit        system_stm32f1xx.o
    0x08003742   0x08003742   0x00000002   PAD
    0x08003744   0x08003744   0x0000006c   Code   RO         2416    i.TIM_Base_SetConfig  stm32f1xx_hal_tim.o
    0x080037b0   0x080037b0   0x00000014   Code   RO         2427    i.TIM_ETR_SetConfig  stm32f1xx_hal_tim.o
    0x080037c4   0x080037c4   0x00000010   Code   RO         2428    i.TIM_ITRx_SetConfig  stm32f1xx_hal_tim.o
    0x080037d4   0x080037d4   0x00000022   Code   RO         2434    i.TIM_TI1_ConfigInputStage  stm32f1xx_hal_tim.o
    0x080037f6   0x080037f6   0x00000024   Code   RO         2436    i.TIM_TI2_ConfigInputStage  stm32f1xx_hal_tim.o
    0x0800381a   0x0800381a   0x00000002   PAD
    0x0800381c   0x0800381c   0x000000b8   Code   RO         3345    i.UART_SetConfig    stm32f1xx_hal_uart.o
    0x080038d4   0x080038d4   0x00000064   Code   RO         3346    i.UART_WaitOnFlagUntilTimeout  stm32f1xx_hal_uart.o
    0x08003938   0x08003938   0x00000020   Code   RO          554    i.USART1_IRQHandler  stm32f1xx_it.o
    0x08003958   0x08003958   0x00000038   Code   RO          391    i.USART_CharReception_Callback  main.o
    0x08003990   0x08003990   0x00000002   Code   RO          555    i.UsageFault_Handler  stm32f1xx_it.o
    0x08003992   0x08003992   0x00000002   PAD
    0x08003994   0x08003994   0x00000028   Code   RO         3934    i.__0sprintf        mc_w.l(printfa.o)
    0x080039bc   0x080039bc   0x00000028   Code   RO         4070    i.__ARM_fpclassify  m_ws.l(fpclassify.o)
    0x080039e4   0x080039e4   0x00000020   Code   RO         1834    i.__NVIC_SetPriority  stm32f1xx_hal_cortex.o
    0x08003a04   0x08003a04   0x00000008   Code   RO         4046    i.__aeabi_errno_addr  mc_w.l(errno.o)
    0x08003a0c   0x08003a0c   0x00000388   Code   RO         4010    i.__ieee754_rem_pio2  m_ws.l(rred.o)
    0x08003d94   0x08003d94   0x000000fc   Code   RO         3992    i.__kernel_cos      m_ws.l(cos_i.o)
    0x08003e90   0x08003e90   0x000000aa   Code   RO         4072    i.__kernel_poly     m_ws.l(poly.o)
    0x08003f3a   0x08003f3a   0x00000002   PAD
    0x08003f3c   0x08003f3c   0x000000ec   Code   RO         4015    i.__kernel_sin      m_ws.l(sin_i.o)
    0x08004028   0x08004028   0x00000006   Code   RO         3996    i.__mathlib_dbl_infnan  m_ws.l(dunder.o)
    0x0800402e   0x0800402e   0x00000004   Code   RO         3997    i.__mathlib_dbl_infnan2  m_ws.l(dunder.o)
    0x08004032   0x08004032   0x0000000c   Code   RO         3998    i.__mathlib_dbl_invalid  m_ws.l(dunder.o)
    0x0800403e   0x0800403e   0x00000002   PAD
    0x08004040   0x08004040   0x00000010   Code   RO         4001    i.__mathlib_dbl_underflow  m_ws.l(dunder.o)
    0x08004050   0x08004050   0x0000000c   Code   RO         4047    i.__read_errno      mc_w.l(errno.o)
    0x0800405c   0x0800405c   0x0000000e   Code   RO         4129    i.__scatterload_copy  mc_w.l(handlers.o)
    0x0800406a   0x0800406a   0x00000002   Code   RO         4130    i.__scatterload_null  mc_w.l(handlers.o)
    0x0800406c   0x0800406c   0x0000000e   Code   RO         4131    i.__scatterload_zeroinit  mc_w.l(handlers.o)
    0x0800407a   0x0800407a   0x00000002   PAD
    0x0800407c   0x0800407c   0x0000000c   Code   RO         4048    i.__set_errno       mc_w.l(errno.o)
    0x08004088   0x08004088   0x00000184   Code   RO         3939    i._fp_digits        mc_w.l(printfa.o)
    0x0800420c   0x0800420c   0x0000000e   Code   RO         4109    i._is_digit         mc_w.l(scanf_fp.o)
    0x0800421a   0x0800421a   0x00000002   PAD
    0x0800421c   0x0800421c   0x000006dc   Code   RO         3940    i._printf_core      mc_w.l(printfa.o)
    0x080048f8   0x080048f8   0x00000024   Code   RO         3941    i._printf_post_padding  mc_w.l(printfa.o)
    0x0800491c   0x0800491c   0x0000002e   Code   RO         3942    i._printf_pre_padding  mc_w.l(printfa.o)
    0x0800494a   0x0800494a   0x0000000a   Code   RO         3944    i._sputc            mc_w.l(printfa.o)
    0x08004954   0x08004954   0x00000220   Code   RO         3983    i.atan              m_ws.l(atan.o)
    0x08004b74   0x08004b74   0x00000180   Code   RO         3651    i.atan2             m_ws.l(atan2.o)
    0x08004cf4   0x08004cf4   0x0000002a   Code   RO         3659    i.atof              m_ws.l(atof.o)
    0x08004d1e   0x08004d1e   0x00000002   PAD
    0x08004d20   0x08004d20   0x0000009c   Code   RO         3663    i.cos               m_ws.l(cos.o)
    0x08004dbc   0x08004dbc   0x00000118   Code   RO          392    i.distance_between  main.o
    0x08004ed4   0x08004ed4   0x00000668   Code   RO          393    i.main              main.o
    0x0800553c   0x0800553c   0x0000001c   Code   RO          394    i.radians           main.o
    0x08005558   0x08005558   0x000000a0   Code   RO         3671    i.sin               m_ws.l(sin.o)
    0x080055f8   0x080055f8   0x0000004c   Code   RO         3679    i.sqrt              m_ws.l(sqrt.o)
    0x08005644   0x08005644   0x00000010   Code   RO           35    i.ssd1306_Clear     ssd1306.o
    0x08005654   0x08005654   0x00000044   Code   RO           44    i.ssd1306_DrawPixel  ssd1306.o
    0x08005698   0x08005698   0x00000012   Code   RO           52    i.ssd1306_FlipScreenVertically  ssd1306.o
    0x080056aa   0x080056aa   0x00000002   PAD
    0x080056ac   0x080056ac   0x000000fc   Code   RO           56    i.ssd1306_Init      ssd1306.o
    0x080057a8   0x080057a8   0x0000000c   Code   RO           61    i.ssd1306_SetColor  ssd1306.o
    0x080057b4   0x080057b4   0x0000000c   Code   RO           62    i.ssd1306_SetCursor  ssd1306.o
    0x080057c0   0x080057c0   0x00000058   Code   RO           63    i.ssd1306_UpdateScreen  ssd1306.o
    0x08005818   0x08005818   0x000000ac   Code   RO           64    i.ssd1306_WriteChar  ssd1306.o
    0x080058c4   0x080058c4   0x00000028   Code   RO           65    i.ssd1306_WriteCommand  ssd1306.o
    0x080058ec   0x080058ec   0x00000028   Code   RO           66    i.ssd1306_WriteString  ssd1306.o
    0x08005914   0x08005914   0x0000076c   Data   RO           10    .constdata          fonts.o
    0x08006080   0x08006080   0x0000134c   Data   RO           12    .constdata          fonts.o
    0x080073cc   0x080073cc   0x00000010   Data   RO         3617    .constdata          system_stm32f1xx.o
    0x080073dc   0x080073dc   0x00000008   Data   RO         3618    .constdata          system_stm32f1xx.o
    0x080073e4   0x080073e4   0x00000004   PAD
    0x080073e8   0x080073e8   0x00000098   Data   RO         3984    .constdata          m_ws.l(atan.o)
    0x08007480   0x08007480   0x00000030   Data   RO         3993    .constdata          m_ws.l(cos_i.o)
    0x080074b0   0x080074b0   0x00000008   Data   RO         4009    .constdata          m_ws.l(qnan.o)
    0x080074b8   0x080074b8   0x000000c8   Data   RO         4012    .constdata          m_ws.l(rred.o)
    0x08007580   0x08007580   0x00000028   Data   RO         4016    .constdata          m_ws.l(sin_i.o)
    0x080075a8   0x080075a8   0x00000081   Data   RO         4080    .constdata          mc_w.l(ctype_o.o)
    0x08007629   0x08007629   0x00000003   PAD
    0x0800762c   0x0800762c   0x00000004   Data   RO         4081    .constdata          mc_w.l(ctype_o.o)
    0x08007630   0x08007630   0x00000020   Data   RO         4127    Region$$Table       anon$$obj.o


    Execution Region RW_IRAM1 (Exec base: 0x20000000, Load base: 0x08007650, Size: 0x00000ba0, Max: 0x00005000, ABSOLUTE)

    Exec Addr    Load Addr    Size         Type   Attr      Idx    E Section Name        Object

    0x20000000   0x08007650   0x00000008   Data   RW           13    .data               fonts.o
    0x20000008   0x08007658   0x00000008   Data   RW           15    .data               fonts.o
    0x20000010   0x08007660   0x0000000a   Data   RW           68    .data               ssd1306.o
    0x2000001a   0x0800766a   0x00000002   PAD
    0x2000001c   0x0800766c   0x000000f7   Data   RW          398    .data               main.o
    0x20000113   0x08007763   0x00000001   PAD
    0x20000114   0x08007764   0x0000000c   Data   RW         1371    .data               stm32f1xx_hal.o
    0x20000120   0x08007770   0x00000004   Data   RW         3619    .data               system_stm32f1xx.o
    0x20000124   0x08007774   0x00000004   Data   RW         4049    .data               mc_w.l(errno.o)
    0x20000128        -       0x00000420   Zero   RW           67    .bss                ssd1306.o
    0x20000548        -       0x0000020e   Zero   RW          395    .bss                main.o
    0x20000756   0x08007778   0x00000002   PAD
    0x20000758        -       0x00000044   Zero   RW          396    .bss                main.o
    0x2000079c   0x08007778   0x00000004   PAD
    0x200007a0        -       0x00000400   Zero   RW            1    STACK               startup_stm32f103xb.o


==============================================================================

Image component sizes


      Code (inc. data)   RO Data    RW Data    ZI Data      Debug   Object Name

         0          0       6840         16          0       5538   fonts.o
      2918        232          0        247        594      61521   main.o
       720         54          0         10       1056     436393   ssd1306.o
        36          8        236          0       1024        804   startup_stm32f103xb.o
       164         28          0         12          0       5893   stm32f1xx_hal.o
       198         14          0          0          0      28935   stm32f1xx_hal_cortex.o
       744         36          0          0          0       4873   stm32f1xx_hal_dma.o
       526         40          0          0          0       4631   stm32f1xx_hal_gpio.o
      4898         82          0          0          0      28064   stm32f1xx_hal_i2c.o
       468         62          0          0          0       3049   stm32f1xx_hal_msp.o
      1272        100          0          0          0       5188   stm32f1xx_hal_rcc.o
       636         28          0          0          0       7200   stm32f1xx_hal_tim.o
       104         12          0          0          0       1324   stm32f1xx_hal_tim_ex.o
       560          6          0          0          0       3976   stm32f1xx_hal_uart.o
        84         18          0          0          0      17033   stm32f1xx_it.o
         2          0         24          4          0       1095   system_stm32f1xx.o

    ----------------------------------------------------------------------
     13358        720       7136        292       2680     615517   Object Totals
         0          0         32          0          0          0   (incl. Generated)
        28          0          4          3          6          0   (incl. Padding)

    ----------------------------------------------------------------------

      Code (inc. data)   RO Data    RW Data    ZI Data      Debug   Library Member Name

       544         70        152          0          0        124   atan.o
       384         38          0          0          0        144   atan2.o
        42          0          0          0          0         84   atof.o
       156          8          0          0          0        104   cos.o
       252         22         48          0          0        124   cos_i.o
        38          6          0          0          0        272   dunder.o
        40          0          0          0          0         68   fpclassify.o
       170          0          0          0          0         96   poly.o
         0          0          8          0          0          0   qnan.o
       904         76        200          0          0        140   rred.o
       160         10          0          0          0        108   sin.o
       236         12         40          0          0        128   sin_i.o
        76          0          0          0          0         84   sqrt.o
        28          0          0          0          0         68   _chval.o
        64          0          0          0          0         84   _sgetc.o
       158          0          0          0          0         92   _strtoul.o
        26          0          0          0          0         80   atoi.o
         8          4        133          0          0         68   ctype_o.o
         0          0          0          0          0          0   entry.o
         0          0          0          0          0          0   entry10a.o
         0          0          0          0          0          0   entry11a.o
         8          4          0          0          0          0   entry2.o
         4          0          0          0          0          0   entry5.o
         0          0          0          0          0          0   entry7b.o
         0          0          0          0          0          0   entry8b.o
         8          4          0          0          0          0   entry9a.o
        32         16          0          4          0        204   errno.o
        30          0          0          0          0          0   handlers.o
        36          8          0          0          0         68   init.o
        18          0          0          0          0         76   isspace_o.o
         0          0          0          0          0          0   iusefp.o
        30          0          0          0          0         68   llshl.o
        36          0          0          0          0         68   llsshr.o
        32          0          0          0          0         68   llushr.o
        36          0          0          0          0         68   memcpya.o
        36          0          0          0          0        108   memseta.o
      2276         86          0          0          0        520   printfa.o
       878         12          0          0          0        216   scanf_fp.o
        14          0          0          0          0         68   strlen.o
       156         12          0          0          0        120   strtod.o
       112          0          0          0          0         88   strtol.o
        44          0          0          0          0         80   uidiv.o
        98          0          0          0          0         92   uldiv.o
        48          0          0          0          0         68   cdrcmple.o
        56          0          0          0          0         88   d2f.o
       334          0          0          0          0        148   dadd.o
       222          0          0          0          0        100   ddiv.o
       186          0          0          0          0        176   depilogue.o
        62          0          0          0          0         80   dfixi.o
        48          0          0          0          0         68   dfixul.o
        34          0          0          0          0         76   dflti.o
        26          0          0          0          0         76   dfltui.o
        24          0          0          0          0         76   dfltul.o
       228          0          0          0          0         96   dmul.o
        46          0          0          0          0         80   dscalb.o
       162          0          0          0          0        100   dsqrt.o
        38          0          0          0          0         68   f2d.o
       176          0          0          0          0        140   fadd.o
       124          0          0          0          0         88   fdiv.o
       110          0          0          0          0        168   fepilogue.o
       100          0          0          0          0         76   fmul.o

    ----------------------------------------------------------------------
      9210        388        584          4          0       5552   Library Totals
        16          0          3          0          0          0   (incl. Padding)

    ----------------------------------------------------------------------

      Code (inc. data)   RO Data    RW Data    ZI Data      Debug   Library Name

      3002        242        448          0          0       1476   m_ws.l
      4168        146        133          4          0       2304   mc_w.l
      2024          0          0          0          0       1772   mf_w.l

    ----------------------------------------------------------------------
      9210        388        584          4          0       5552   Library Totals

    ----------------------------------------------------------------------

==============================================================================


      Code (inc. data)   RO Data    RW Data    ZI Data      Debug   

     22568       1108       7720        296       2680     612381   Grand Totals
     22568       1108       7720        296       2680     612381   ELF Image Totals
     22568       1108       7720        296          0          0   ROM Totals

==============================================================================

    Total RO  Size (Code + RO Data)                30288 (  29.58kB)
    Total RW  Size (RW Data + ZI Data)              2976 (   2.91kB)
    Total ROM Size (Code + RO Data + RW Data)      30584 (  29.87kB)

==============================================================================

